Archive member included because of file (symbol)

../../../../../prebuilt/driver/chip/mt7686/lib/libhal_protected_CM4_GCC.a(crypt_aes.o)
                              (--whole-archive)
../../../../../prebuilt/driver/chip/mt7686/lib/libhal_protected_CM4_GCC.a(crypt_des.o)
                              (--whole-archive)
../../../../../prebuilt/driver/chip/mt7686/lib/libhal_protected_CM4_GCC.a(crypt_md5.o)
                              (--whole-archive)
../../../../../prebuilt/driver/chip/mt7686/lib/libhal_protected_CM4_GCC.a(crypt_sha.o)
                              (--whole-archive)
../../../../../prebuilt/driver/chip/mt7686/lib/libhal_protected_CM4_GCC.a(hal_sec.o)
                              (--whole-archive)
../../../../../prebuilt/driver/chip/mt7686/lib/libhal_protected_CM4_GCC.a(security.o)
                              (--whole-archive)
../../../../../prebuilt/driver/chip/mt7686/lib/libhal_protected_CM4_GCC.a(version_code.o)
                              (--whole-archive)
../../../../../prebuilt/middleware/MTK/minicli/lib/libminicli.a(cli.o)
                              (--whole-archive)
../../../../../prebuilt/middleware/MTK/minicli/lib/libminicli.a(cli_cli.o)
                              (--whole-archive)
../../../../../prebuilt/middleware/MTK/minicli/lib/libminicli.a(cli_line.o)
                              (--whole-archive)
../../../../../prebuilt/middleware/MTK/minicli/lib/libminicli.a(cli_cmd.o)
                              (--whole-archive)
../../../../../prebuilt/middleware/MTK/minicli/lib/libminicli.a(cli_tok.o)
                              (--whole-archive)
/home/bruce/SDK_4.7.0/tools/gcc/linux/gcc-arm-none-eabi/bin/../lib/gcc/arm-none-eabi/4.8.4/armv7e-m/fpu/libgcc.a(_aeabi_uldivmod.o)
                              ../../../../../out/mt7686_hdk/audio_i2s_demo/obj/driver/chip/mt7686/src/hal_clock.o (__aeabi_uldivmod)
/home/bruce/SDK_4.7.0/tools/gcc/linux/gcc-arm-none-eabi/bin/../lib/gcc/arm-none-eabi/4.8.4/armv7e-m/fpu/libgcc.a(bpabi.o)
                              /home/bruce/SDK_4.7.0/tools/gcc/linux/gcc-arm-none-eabi/bin/../lib/gcc/arm-none-eabi/4.8.4/armv7e-m/fpu/libgcc.a(_aeabi_uldivmod.o) (__gnu_uldivmod_helper)
/home/bruce/SDK_4.7.0/tools/gcc/linux/gcc-arm-none-eabi/bin/../lib/gcc/arm-none-eabi/4.8.4/armv7e-m/fpu/libgcc.a(_dvmd_tls.o)
                              /home/bruce/SDK_4.7.0/tools/gcc/linux/gcc-arm-none-eabi/bin/../lib/gcc/arm-none-eabi/4.8.4/armv7e-m/fpu/libgcc.a(_aeabi_uldivmod.o) (__aeabi_ldiv0)
/home/bruce/SDK_4.7.0/tools/gcc/linux/gcc-arm-none-eabi/bin/../lib/gcc/arm-none-eabi/4.8.4/armv7e-m/fpu/libgcc.a(_divdi3.o)
                              /home/bruce/SDK_4.7.0/tools/gcc/linux/gcc-arm-none-eabi/bin/../lib/gcc/arm-none-eabi/4.8.4/armv7e-m/fpu/libgcc.a(bpabi.o) (__divdi3)
/home/bruce/SDK_4.7.0/tools/gcc/linux/gcc-arm-none-eabi/bin/../lib/gcc/arm-none-eabi/4.8.4/armv7e-m/fpu/libgcc.a(_udivdi3.o)
                              /home/bruce/SDK_4.7.0/tools/gcc/linux/gcc-arm-none-eabi/bin/../lib/gcc/arm-none-eabi/4.8.4/armv7e-m/fpu/libgcc.a(bpabi.o) (__udivdi3)
/home/bruce/SDK_4.7.0/tools/gcc/linux/gcc-arm-none-eabi/bin/../lib/gcc/arm-none-eabi/4.8.4/../../../../arm-none-eabi/lib/armv7e-m/fpu/libc_s.a(lib_a-assert.o)
                              ../../../../../out/mt7686_hdk/audio_i2s_demo/obj/driver/chip/mt7686/src/hal_uart.o (__assert_func)
/home/bruce/SDK_4.7.0/tools/gcc/linux/gcc-arm-none-eabi/bin/../lib/gcc/arm-none-eabi/4.8.4/../../../../arm-none-eabi/lib/armv7e-m/fpu/libc_s.a(lib_a-atoi.o)
                              ../../../../../out/mt7686_hdk/audio_i2s_demo/obj/driver/board/mt7686_hdk/util/src/sleep_manager_cli.o (atoi)
/home/bruce/SDK_4.7.0/tools/gcc/linux/gcc-arm-none-eabi/bin/../lib/gcc/arm-none-eabi/4.8.4/../../../../arm-none-eabi/lib/armv7e-m/fpu/libc_s.a(lib_a-fprintf.o)
                              /home/bruce/SDK_4.7.0/tools/gcc/linux/gcc-arm-none-eabi/bin/../lib/gcc/arm-none-eabi/4.8.4/../../../../arm-none-eabi/lib/armv7e-m/fpu/libc_s.a(lib_a-assert.o) (fiprintf)
/home/bruce/SDK_4.7.0/tools/gcc/linux/gcc-arm-none-eabi/bin/../lib/gcc/arm-none-eabi/4.8.4/../../../../arm-none-eabi/lib/armv7e-m/fpu/libc_s.a(lib_a-impure.o)
                              /home/bruce/SDK_4.7.0/tools/gcc/linux/gcc-arm-none-eabi/bin/../lib/gcc/arm-none-eabi/4.8.4/../../../../arm-none-eabi/lib/armv7e-m/fpu/libc_s.a(lib_a-assert.o) (_impure_ptr)
/home/bruce/SDK_4.7.0/tools/gcc/linux/gcc-arm-none-eabi/bin/../lib/gcc/arm-none-eabi/4.8.4/../../../../arm-none-eabi/lib/armv7e-m/fpu/libc_s.a(lib_a-memcmp.o)
                              ../../../../../out/mt7686_hdk/audio_i2s_demo/obj/driver/chip/mt7686/src_core/hal_spm.o (memcmp)
/home/bruce/SDK_4.7.0/tools/gcc/linux/gcc-arm-none-eabi/bin/../lib/gcc/arm-none-eabi/4.8.4/../../../../arm-none-eabi/lib/armv7e-m/fpu/libc_s.a(lib_a-memcpy-stub.o)
                              ../../../../../out/mt7686_hdk/audio_i2s_demo/obj/driver/chip/mt7686/src/hal_flash_combo_nor.o (memcpy)
[...]
Memory Configuration

Name             Origin             Length             Attributes
ROM_HEAD_1       0x08000000         0x00001000         xr
ROM_HEAD_2       0x08001000         0x00001000         xr
ROM_BL           0x08002000         0x00010000         xr
ROM_RTOS         0x08012000         0x003dd000         xr
ROM_NVDM_RESERVED 0x080ef000         0x00010000         xr
WIFI_TXPOWER_DATA 0x080ff000         0x00001000         xr
RAM              0x00000000         0x00400000         xrw
VRAM             0x10000000         0x00400000         xrw
TCM              0x04008000         0x00010000         xrw
SYSRAM           0x04200000         0x00059c00         xrw
WIFI_DATA        0x04259c00         0x00006400         xrw
VSYSRAM          0x14200000         0x00059c00         xrw
*default*        0x00000000         0xffffffff

Linker script and memory map

LOAD /home/bruce/SDK_4.7.0/tools/gcc/linux/gcc-arm-none-eabi/bin/../lib/gcc/arm-none-eabi/4.8.4/../../../../arm-none-eabi/lib/armv7e-m/fpu/libnosys.a
                0x04018000                _stack_end = (ORIGIN (TCM) + 0x10000)
                0x00001000                _stack_size = 0x1000
                0x04017000                _stack_start = (_stack_end - _stack_size)
                0x08012000                . = ORIGIN (ROM_RTOS)

.text           0x08012000   0x10ba98
                0x08012000                _text_start = .
                0x08012000                Image$$TEXT$$Base = .
 *(.reset_handler)
 .reset_handler
                0x08012000      0x150 ../../../../../out/mt7686_hdk/audio_i2s_demo/obj/project/mt7686_hdk/apps/audio_i2s_demo/GCC/startup_mt7686.o
                0x08012000                Reset_Handler
 *(.init)
 *(.fini)
 *(.text)
 .text          0x08012150       0x2c /home/bruce/SDK_4.7.0/tools/gcc/linux/gcc-arm-none-eabi/bin/../lib/gcc/arm-none-eabi/4.8.4/armv7e-m/fpu/libgcc.a(_aeabi_uldivmod.o)
                0x08012150                __aeabi_uldivmod
 .text          0x0801217c       0x60 /home/bruce/SDK_4.7.0/tools/gcc/linux/gcc-arm-none-eabi/bin/../lib/gcc/arm-none-eabi/4.8.4/armv7e-m/fpu/libgcc.a(bpabi.o)
                0x0801217c                __gnu_ldivmod_helper
                0x080121ac                __gnu_uldivmod_helper
 .text          0x080121dc        0x4 /home/bruce/SDK_4.7.0/tools/gcc/linux/gcc-arm-none-eabi/bin/../lib/gcc/arm-none-eabi/4.8.4/armv7e-m/fpu/libgcc.a(_dvmd_tls.o)
                0x080121dc                __aeabi_ldiv0
                0x080121dc                __aeabi_idiv0
 .text          0x080121e0      0x298 /home/bruce/SDK_4.7.0/tools/gcc/linux/gcc-arm-none-eabi/bin/../lib/gcc/arm-none-eabi/4.8.4/armv7e-m/fpu/libgcc.a(_divdi3.o)
                0x080121e0                __divdi3
 .text          0x08012478      0x284 /home/bruce/SDK_4.7.0/tools/gcc/linux/gcc-arm-none-eabi/bin/../lib/gcc/arm-none-eabi/4.8.4/armv7e-m/fpu/libgcc.a(_udivdi3.o)
                0x08012478                __udivdi3
 .text          0x080126fc       0x14 /home/bruce/SDK_4.7.0/tools/gcc/linux/gcc-arm-none-eabi/bin/../lib/gcc/arm-none-eabi/4.8.4/../../../../arm-none-eabi/lib/armv7e-m/fpu/libc_s.a(lib_a-strcmp.o)
                0x080126fc                strcmp
 .text          0x08012710      0x370 /home/bruce/SDK_4.7.0/tools/gcc/linux/gcc-arm-none-eabi/bin/../lib/gcc/arm-none-eabi/4.8.4/armv7e-m/fpu/libgcc.a(_arm_addsubdf3.o)
                0x08012710                __aeabi_drsub
                0x08012718                __aeabi_dsub
                0x08012718                __subdf3
                0x0801271c                __adddf3
                0x0801271c                __aeabi_dadd
                0x08012994                __aeabi_ui2d
                0x08012994                __floatunsidf
                0x080129b4                __floatsidf
                0x080129b4                __aeabi_i2d
                0x080129d8                __extendsfdf2
                0x080129d8                __aeabi_f2d
                0x08012a14                __aeabi_ul2d
                0x08012a14                __floatundidf
                0x08012a24                __floatdidf
                0x08012a24                __aeabi_l2d
 .text          0x08012a80      0x424 /home/bruce/SDK_4.7.0/tools/gcc/linux/gcc-arm-none-eabi/bin/../lib/gcc/arm-none-eabi/4.8.4/armv7e-m/fpu/libgcc.a(_arm_muldivdf3.o)
                0x08012a80                __aeabi_dmul
                0x08012a80                __muldf3
                0x08012cd4                __aeabi_ddiv
                0x08012cd4                __divdf3
 .text          0x08012ea4      0x110 /home/bruce/SDK_4.7.0/tools/gcc/linux/gcc-arm-none-eabi/bin/../lib/gcc/arm-none-eabi/4.8.4/armv7e-m/fpu/libgcc.a(_arm_cmpdf2.o)
                0x08012ea4                __gtdf2
                0x08012ea4                __gedf2
                0x08012eac                __ltdf2
                0x08012eac                __ledf2
                0x08012eb4                __cmpdf2
                0x08012eb4                __eqdf2
                0x08012eb4                __nedf2
                0x08012f30                __aeabi_cdrcmple
                0x08012f40                __aeabi_cdcmple
                0x08012f40                __aeabi_cdcmpeq
                0x08012f50                __aeabi_dcmpeq
                0x08012f64                __aeabi_dcmplt
                0x08012f78                __aeabi_dcmple
                0x08012f8c                __aeabi_dcmpge
                0x08012fa0                __aeabi_dcmpgt
 .text          0x08012fb4       0x50 /home/bruce/SDK_4.7.0/tools/gcc/linux/gcc-arm-none-eabi/bin/../lib/gcc/arm-none-eabi/4.8.4/armv7e-m/fpu/libgcc.a(_arm_fixdfsi.o)
                0x08012fb4                __fixdfsi
                0x08012fb4                __aeabi_d2iz
 .text          0x08013004       0x40 /home/bruce/SDK_4.7.0/tools/gcc/linux/gcc-arm-none-eabi/bin/../lib/gcc/arm-none-eabi/4.8.4/armv7e-m/fpu/libgcc.a(_arm_fixunsdfsi.o)
                0x08013004                __fixunsdfsi
                0x08013004                __aeabi_d2uiz
 .text          0x08013044       0xa0 /home/bruce/SDK_4.7.0/tools/gcc/linux/gcc-arm-none-eabi/bin/../lib/gcc/arm-none-eabi/4.8.4/armv7e-m/fpu/libgcc.a(_arm_truncdfsf2.o)
                0x08013044                __aeabi_d2f
                0x08013044                __truncdfsf2
 *(.text*)
 .text.i2s0_enter_suspend
                0x080130e4        0xc ../../../../../out/mt7686_hdk/audio_i2s_demo/obj/driver/chip/mt7686/src/hal_i2s.o
 .text.i2s1_enter_suspend
                0x080130f0        0xc ../../../../../out/mt7686_hdk/audio_i2s_demo/obj/driver/chip/mt7686/src/hal_i2s.o
 .text.i2s_rx_dma_callback_handler
                0x080130fc        0xc ../../../../../out/mt7686_hdk/audio_i2s_demo/obj/driver/chip/mt7686/src/hal_i2s.o
 .text.i2s_stop_tx_vfifo.constprop.4
                0x08013108       0x58 ../../../../../out/mt7686_hdk/audio_i2s_demo/obj/driver/chip/mt7686/src/hal_i2s.o
 .text.i2s_stop_rx_vfifo.constprop.5
                0x08013160       0x58 ../../../../../out/mt7686_hdk/audio_i2s_demo/obj/driver/chip/mt7686/src/hal_i2s.o
 .text.i2s_flush_tx_vfifo
                0x080131b8       0x4c ../../../../../out/mt7686_hdk/audio_i2s_demo/obj/driver/chip/mt7686/src/hal_i2s.o
 .text.hal_i2s_init_ex
                0x08013204      0x178 ../../../../../out/mt7686_hdk/audio_i2s_demo/obj/driver/chip/mt7686/src/hal_i2s.o
                0x08013204                hal_i2s_init_ex
 .text.hal_i2s_deinit_ex
                0x0801337c       0x80 ../../../../../out/mt7686_hdk/audio_i2s_demo/obj/driver/chip/mt7686/src/hal_i2s.o
                0x0801337c                hal_i2s_deinit_ex
 .text.hal_i2s_set_config_ex
                0x080133fc      0x2cc ../../../../../out/mt7686_hdk/audio_i2s_demo/obj/driver/chip/mt7686/src/hal_i2s.o
                0x080133fc                hal_i2s_set_config_ex
 .text.hal_i2s_setup_tx_vfifo_ex
                0x080136c8      0x12c ../../../../../out/mt7686_hdk/audio_i2s_demo/obj/driver/chip/mt7686/src/hal_i2s.o
                0x080136c8                hal_i2s_setup_tx_vfifo_ex
 .text.hal_i2s_setup_rx_vfifo_ex
                0x080137f4      0x124 ../../../../../out/mt7686_hdk/audio_i2s_demo/obj/driver/chip/mt7686/src/hal_i2s.o
                0x080137f4                hal_i2s_setup_rx_vfifo_ex
 .text.i2s_resume
                0x08013918       0xd8 ../../../../../out/mt7686_hdk/audio_i2s_demo/obj/driver/chip/mt7686/src/hal_i2s.o
 .text.i2s1_enter_resume
                0x080139f0        0x6 ../../../../../out/mt7686_hdk/audio_i2s_demo/obj/driver/chip/mt7686/src/hal_i2s.o
 .text.i2s0_enter_resume
                0x080139f6        0x6 ../../../../../out/mt7686_hdk/audio_i2s_demo/obj/driver/chip/mt7686/src/hal_i2s.o
 .text.hal_i2s_stop_tx_vfifo_ex
                0x080139fc        0x4 ../../../../../out/mt7686_hdk/audio_i2s_demo/obj/driver/chip/mt7686/src/hal_i2s.o
                0x080139fc                hal_i2s_stop_tx_vfifo_ex
 .text.hal_i2s_stop_rx_vfifo_ex
                0x08013a00        0x4 ../../../../../out/mt7686_hdk/audio_i2s_demo/obj/driver/chip/mt7686/src/hal_i2s.o
                0x08013a00                hal_i2s_stop_rx_vfifo_ex
 .text.hal_i2s_get_tx_sample_count_ex
                0x08013a04       0x68 ../../../../../out/mt7686_hdk/audio_i2s_demo/obj/driver/chip/mt7686/src/hal_i2s.o
                0x08013a04                hal_i2s_get_tx_sample_count_ex
 .text.hal_i2s_get_rx_sample_count_ex
                0x08013a6c       0x68 ../../../../../out/mt7686_hdk/audio_i2s_demo/obj/driver/chip/mt7686/src/hal_i2s.o
                0x08013a6c                hal_i2s_get_rx_sample_count_ex
 .text.hal_i2s_enable_tx_ex
                0x08013ad4       0x58 ../../../../../out/mt7686_hdk/audio_i2s_demo/obj/driver/chip/mt7686/src/hal_i2s.o
                0x08013ad4                hal_i2s_enable_tx_ex
 .text.hal_i2s_enable_rx_ex
                0x08013b2c       0x54 ../../../../../out/mt7686_hdk/audio_i2s_demo/obj/driver/chip/mt7686/src/hal_i2s.o
                0x08013b2c                hal_i2s_enable_rx_ex
 .text.hal_i2s_disable_tx_ex
                0x08013b80       0x60 ../../../../../out/mt7686_hdk/audio_i2s_demo/obj/driver/chip/mt7686/src/hal_i2s.o
                0x08013b80                hal_i2s_disable_tx_ex
 .text.hal_i2s_disable_rx_ex
                0x08013be0       0x54 ../../../../../out/mt7686_hdk/audio_i2s_demo/obj/driver/chip/mt7686/src/hal_i2s.o
                0x08013be0                hal_i2s_disable_rx_ex
 .text.hal_i2s_enable_audio_top_ex
                0x08013c34      0x104 ../../../../../out/mt7686_hdk/audio_i2s_demo/obj/driver/chip/mt7686/src/hal_i2s.o
                0x08013c34                hal_i2s_enable_audio_top_ex
 .text.hal_i2s_disable_audio_top_ex
                0x08013d38      0x138 ../../../../../out/mt7686_hdk/audio_i2s_demo/obj/driver/chip/mt7686/src/hal_i2s.o
                0x08013d38                hal_i2s_disable_audio_top_ex
 .text.hal_i2s_enable_tx_dma_interrupt_ex
                0x08013e70       0x78 ../../../../../out/mt7686_hdk/audio_i2s_demo/obj/driver/chip/mt7686/src/hal_i2s.o
                0x08013e70                hal_i2s_enable_tx_dma_interrupt_ex
 .text.hal_i2s_disable_tx_dma_interrupt_ex
                0x08013ee8       0x70 ../../../../../out/mt7686_hdk/audio_i2s_demo/obj/driver/chip/mt7686/src/hal_i2s.o
                0x08013ee8                hal_i2s_disable_tx_dma_interrupt_ex
 .text.i2s_tx_dma_callback_handler
                0x08013f58       0x60 ../../../../../out/mt7686_hdk/audio_i2s_demo/obj/driver/chip/mt7686/src/hal_i2s.o
 .text.hal_i2s_enable_rx_dma_interrupt_ex
                0x08013fb8       0x78 ../../../../../out/mt7686_hdk/audio_i2s_demo/obj/driver/chip/mt7686/src/hal_i2s.o
                0x08013fb8                hal_i2s_enable_rx_dma_interrupt_ex
 .text.hal_i2s_disable_rx_dma_interrupt_ex
                0x08014030       0x70 ../../../../../out/mt7686_hdk/audio_i2s_demo/obj/driver/chip/mt7686/src/hal_i2s.o
                0x08014030                hal_i2s_disable_rx_dma_interrupt_ex
 .text.hal_i2s_register_tx_vfifo_callback_ex
                0x080140a0       0x70 ../../../../../out/mt7686_hdk/audio_i2s_demo/obj/driver/chip/mt7686/src/hal_i2s.o
                0x080140a0                hal_i2s_register_tx_vfifo_callback_ex
 .text.hal_i2s_register_rx_vfifo_callback_ex
                0x08014110       0x70 ../../../../../out/mt7686_hdk/audio_i2s_demo/obj/driver/chip/mt7686/src/hal_i2s.o
                0x08014110                hal_i2s_register_rx_vfifo_callback_ex
 .text.i2s_xpll_close
                0x08014180       0x40 ../../../../../out/mt7686_hdk/audio_i2s_demo/obj/driver/chip/mt7686/src/hal_i2s_internal.o
                0x08014180                i2s_xpll_close
 .text.i2s_xpll_open
                0x080141c0      0x42c ../../../../../out/mt7686_hdk/audio_i2s_demo/obj/driver/chip/mt7686/src/hal_i2s_internal.o
                0x080141c0                i2s_xpll_open
 .text.i2s_set_initial_parameter
                0x080145ec       0x4a ../../../../../out/mt7686_hdk/audio_i2s_demo/obj/driver/chip/mt7686/src/hal_i2s_internal.o
                0x080145ec                i2s_set_initial_parameter
 *fill*         0x08014636        0x2 
 .text.i2s_set_parameter
                0x08014638      0x334 ../../../../../out/mt7686_hdk/audio_i2s_demo/obj/driver/chip/mt7686/src/hal_i2s_internal.o
                0x08014638                i2s_set_parameter
 .text.i2s_set_clock
                0x0801496c      0x1fc ../../../../../out/mt7686_hdk/audio_i2s_demo/obj/driver/chip/mt7686/src/hal_i2s_internal.o
                0x0801496c                i2s_set_clock
 .text.uart_receive_handler
                0x08014b68       0xb8 ../../../../../out/mt7686_hdk/audio_i2s_demo/obj/driver/chip/mt7686/src/hal_uart.o
                0x08014b68                uart_receive_handler
 .text.uart_send_handler
                0x08014c20      0x108 ../../../../../out/mt7686_hdk/audio_i2s_demo/obj/driver/chip/mt7686/src/hal_uart.o
                0x08014c20                uart_send_handler
 .text.uart_dma_callback_handler
                0x08014d28       0x12 ../../../../../out/mt7686_hdk/audio_i2s_demo/obj/driver/chip/mt7686/src/hal_uart.o
 *fill*         0x08014d3a        0x2 
 .text.uart_error_handler
                0x08014d3c       0x5c ../../../../../out/mt7686_hdk/audio_i2s_demo/obj/driver/chip/mt7686/src/hal_uart.o
                0x08014d3c                uart_error_handler
 .text.hal_uart_init
                0x08014d98      0x13c ../../../../../out/mt7686_hdk/audio_i2s_demo/obj/driver/chip/mt7686/src/hal_uart.o
                0x08014d98                hal_uart_init
 .text.hal_uart_deinit
                0x08014ed4       0xdc ../../../../../out/mt7686_hdk/audio_i2s_demo/obj/driver/chip/mt7686/src/hal_uart.o
                0x08014ed4                hal_uart_deinit
 .text.uart_backup_all_registers
                0x08014fb0       0x7c ../../../../../out/mt7686_hdk/audio_i2s_demo/obj/driver/chip/mt7686/src/hal_uart.o
                0x08014fb0                uart_backup_all_registers
 .text.hal_uart_send_dma
                0x0801502c       0xbc ../../../../../out/mt7686_hdk/audio_i2s_demo/obj/driver/chip/mt7686/src/hal_uart.o
                0x0801502c                hal_uart_send_dma
 .text.hal_uart_receive_dma
                0x080150e8       0x90 ../../../../../out/mt7686_hdk/audio_i2s_demo/obj/driver/chip/mt7686/src/hal_uart.o
                0x080150e8                hal_uart_receive_dma
 .text.hal_uart_register_callback
                0x08015178      0x194 ../../../../../out/mt7686_hdk/audio_i2s_demo/obj/driver/chip/mt7686/src/hal_uart.o
                0x08015178                hal_uart_register_callback
 .text.hal_uart_get_available_receive_bytes
                0x0801530c       0x48 ../../../../../out/mt7686_hdk/audio_i2s_demo/obj/driver/chip/mt7686/src/hal_uart.o
                0x0801530c                hal_uart_get_available_receive_bytes
 .text.hal_uart_set_hardware_flowcontrol
                0x08015354       0x38 ../../../../../out/mt7686_hdk/audio_i2s_demo/obj/driver/chip/mt7686/src/hal_uart.o
                0x08015354                hal_uart_set_hardware_flowcontrol
 .text.hal_uart_set_software_flowcontrol
                0x0801538c       0x58 ../../../../../out/mt7686_hdk/audio_i2s_demo/obj/driver/chip/mt7686/src/hal_uart.o
                0x0801538c                hal_uart_set_software_flowcontrol
 .text.hal_uart_set_dma
                0x080153e4      0x150 ../../../../../out/mt7686_hdk/audio_i2s_demo/obj/driver/chip/mt7686/src/hal_uart.o
                0x080153e4                hal_uart_set_dma
 .text.uart_restore_all_registers
                0x08015534       0xe4 ../../../../../out/mt7686_hdk/audio_i2s_demo/obj/driver/chip/mt7686/src/hal_uart.o
                0x08015534                uart_restore_all_registers
 .text.uart_port_to_dma_channel
                0x08015618       0x2c ../../../../../out/mt7686_hdk/audio_i2s_demo/obj/driver/chip/mt7686/src/hal_uart_internal.o
                0x08015618                uart_port_to_dma_channel
 .text.uart_dma_channel_to_callback_data
                0x08015644       0x38 ../../../../../out/mt7686_hdk/audio_i2s_demo/obj/driver/chip/mt7686/src/hal_uart_internal.o
                0x08015644                uart_dma_channel_to_callback_data
 .text.uart_enable_dma
                0x0801567c        0xc ../../../../../out/mt7686_hdk/audio_i2s_demo/obj/driver/chip/mt7686/src/hal_uart_internal.o
                0x0801567c                uart_enable_dma
 .text.uart_set_baudrate
                0x08015688       0xb8 ../../../../../out/mt7686_hdk/audio_i2s_demo/obj/driver/chip/mt7686/src/hal_uart_internal.o
                0x08015688                uart_set_baudrate
 .text.uart_set_format
                0x08015740       0x34 ../../../../../out/mt7686_hdk/audio_i2s_demo/obj/driver/chip/mt7686/src/hal_uart_internal.o
                0x08015740                uart_set_format
 .text.uart_put_char_block
                0x08015774        0xa ../../../../../out/mt7686_hdk/audio_i2s_demo/obj/driver/chip/mt7686/src/hal_uart_internal.o
                0x08015774                uart_put_char_block
 .text.uart_set_hardware_flowcontrol
                0x0801577e       0x12 ../../../../../out/mt7686_hdk/audio_i2s_demo/obj/driver/chip/mt7686/src/hal_uart_internal.o
                0x0801577e                uart_set_hardware_flowcontrol
 .text.uart_set_software_flowcontrol
                0x08015790       0x12 ../../../../../out/mt7686_hdk/audio_i2s_demo/obj/driver/chip/mt7686/src/hal_uart_internal.o
                0x08015790                uart_set_software_flowcontrol
 *fill*         0x080157a2        0x2 
 .text.uart_set_fifo
                0x080157a4        0xc ../../../../../out/mt7686_hdk/audio_i2s_demo/obj/driver/chip/mt7686/src/hal_uart_internal.o
                0x080157a4                uart_set_fifo
 .text.uart_set_sleep_mode
                0x080157b0        0x6 ../../../../../out/mt7686_hdk/audio_i2s_demo/obj/driver/chip/mt7686/src/hal_uart_internal.o
                0x080157b0                uart_set_sleep_mode
 .text.uart_unmask_send_interrupt
                0x080157b6        0x6 ../../../../../out/mt7686_hdk/audio_i2s_demo/obj/driver/chip/mt7686/src/hal_uart_internal.o
                0x080157b6                uart_unmask_send_interrupt
 .text.uart_unmask_receive_interrupt
                0x080157bc        0x6 ../../../../../out/mt7686_hdk/audio_i2s_demo/obj/driver/chip/mt7686/src/hal_uart_internal.o
                0x080157bc                uart_unmask_receive_interrupt
 *fill*         0x080157c2        0x2 
 .text.uart_purge_fifo
                0x080157c4       0x18 ../../../../../out/mt7686_hdk/audio_i2s_demo/obj/driver/chip/mt7686/src/hal_uart_internal.o
                0x080157c4                uart_purge_fifo
 .text.uart_query_interrupt_type
                0x080157dc       0x32 ../../../../../out/mt7686_hdk/audio_i2s_demo/obj/driver/chip/mt7686/src/hal_uart_internal.o
                0x080157dc                uart_query_interrupt_type
 *fill*         0x0801580e        0x2 
 .text.uart_interrupt_handler
                0x08015810       0x78 ../../../../../out/mt7686_hdk/audio_i2s_demo/obj/driver/chip/mt7686/src/hal_uart_internal.o
                0x08015810                uart_interrupt_handler
 .text.uart_verify_error
                0x08015888       0x10 ../../../../../out/mt7686_hdk/audio_i2s_demo/obj/driver/chip/mt7686/src/hal_uart_internal.o
                0x08015888                uart_verify_error
 .text.uart_clear_timeout_interrupt
                0x08015898        0x4 ../../../../../out/mt7686_hdk/audio_i2s_demo/obj/driver/chip/mt7686/src/hal_uart_internal.o
                0x08015898                uart_clear_timeout_interrupt
 .text.uart_reset_default_value
                0x0801589c       0x2c ../../../../../out/mt7686_hdk/audio_i2s_demo/obj/driver/chip/mt7686/src/hal_uart_internal.o
                0x0801589c                uart_reset_default_value
 .text.uart_query_empty
                0x080158c8        0x8 ../../../../../out/mt7686_hdk/audio_i2s_demo/obj/driver/chip/mt7686/src/hal_uart_internal.o
                0x080158c8                uart_query_empty
 .text.log_hal_error_internal
                0x080158d0       0x30 ../../../../../out/mt7686_hdk/audio_i2s_demo/obj/driver/chip/mt7686/src/hal_log.o
                0x080158d0                log_hal_error_internal
 .text.log_hal_warning_internal
                0x08015900       0x30 ../../../../../out/mt7686_hdk/audio_i2s_demo/obj/driver/chip/mt7686/src/hal_log.o
                0x08015900                log_hal_warning_internal
 .text.log_hal_info_internal
                0x08015930       0x30 ../../../../../out/mt7686_hdk/audio_i2s_demo/obj/driver/chip/mt7686/src/hal_log.o
                0x08015930                log_hal_info_internal
 .text.hal_nvic_init
                0x08015960       0x70 ../../../../../out/mt7686_hdk/audio_i2s_demo/obj/driver/chip/mt7686/src/hal_nvic.o
                0x08015960                hal_nvic_init
 .text.hal_nvic_enable_irq
                0x080159d0       0x20 ../../../../../out/mt7686_hdk/audio_i2s_demo/obj/driver/chip/mt7686/src/hal_nvic.o
                0x080159d0                hal_nvic_enable_irq
 .text.hal_nvic_disable_irq
                0x080159f0       0x20 ../../../../../out/mt7686_hdk/audio_i2s_demo/obj/driver/chip/mt7686/src/hal_nvic.o
                0x080159f0                hal_nvic_disable_irq
 .text.hal_nvic_set_pending_irq
                0x08015a10       0x20 ../../../../../out/mt7686_hdk/audio_i2s_demo/obj/driver/chip/mt7686/src/hal_nvic.o
                0x08015a10                hal_nvic_set_pending_irq
 .text.hal_nvic_register_isr_handler
                0x08015a30       0x44 ../../../../../out/mt7686_hdk/audio_i2s_demo/obj/driver/chip/mt7686/src/hal_nvic.o
                0x08015a30                hal_nvic_register_isr_handler
 .text.hal_nvic_save_and_set_interrupt_mask
                0x08015a74        0xe ../../../../../out/mt7686_hdk/audio_i2s_demo/obj/driver/chip/mt7686/src/hal_nvic.o
                0x08015a74                hal_nvic_save_and_set_interrupt_mask
 .text.hal_nvic_restore_interrupt_mask
                0x08015a82        0xa ../../../../../out/mt7686_hdk/audio_i2s_demo/obj/driver/chip/mt7686/src/hal_nvic.o
                0x08015a82                hal_nvic_restore_interrupt_mask
 .text.SF_DAL_Init_MXIC
                0x08015a8c       0x94 ../../../../../out/mt7686_hdk/audio_i2s_demo/obj/driver/chip/mt7686/src/hal_flash_mtd_dal.o
                0x08015a8c                SF_DAL_Init_MXIC
 .text.SF_DAL_Init_WINBOND
                0x08015b20       0x64 ../../../../../out/mt7686_hdk/audio_i2s_demo/obj/driver/chip/mt7686/src/hal_flash_mtd_dal.o
                0x08015b20                SF_DAL_Init_WINBOND
 .text.SF_DAL_Init_Common
                0x08015b84       0xf0 ../../../../../out/mt7686_hdk/audio_i2s_demo/obj/driver/chip/mt7686/src/hal_flash_mtd_dal.o
                0x08015b84                SF_DAL_Init_Common
 .text.SF_DAL_Init_Vendor
                0x08015c74       0x58 ../../../../../out/mt7686_hdk/audio_i2s_demo/obj/driver/chip/mt7686/src/hal_flash_mtd_dal.o
                0x08015c74                SF_DAL_Init_Vendor
 .text.SF_DAL_IOCtrl
                0x08015ccc       0x50 ../../../../../out/mt7686_hdk/audio_i2s_demo/obj/driver/chip/mt7686/src/hal_flash_mtd_dal.o
                0x08015ccc                SF_DAL_IOCtrl
 .text.SF_DAL_Init_Driver
                0x08015d1c       0x6e ../../../../../out/mt7686_hdk/audio_i2s_demo/obj/driver/chip/mt7686/src/hal_flash_mtd_dal.o
                0x08015d1c                SF_DAL_Init_Driver
 *fill*         0x08015d8a        0x2 
 .text.CMEM_CheckValidDeviceID
                0x08015d8c       0x3c ../../../../../out/mt7686_hdk/audio_i2s_demo/obj/driver/chip/mt7686/src/hal_flash_combo_init.o
                0x08015d8c                CMEM_CheckValidDeviceID
 .text.CMEM_Index
                0x08015dc8       0x60 ../../../../../out/mt7686_hdk/audio_i2s_demo/obj/driver/chip/mt7686/src/hal_flash_combo_init.o
                0x08015dc8                CMEM_Index
 .text.CMEM_GetIDEntry
                0x08015e28       0x10 ../../../../../out/mt7686_hdk/audio_i2s_demo/obj/driver/chip/mt7686/src/hal_flash_combo_init.o
                0x08015e28                CMEM_GetIDEntry
 .text.custom_get_NORFLASH_Size
                0x08015e38        0x6 ../../../../../out/mt7686_hdk/audio_i2s_demo/obj/driver/chip/mt7686/src/hal_flash_custom.o
                0x08015e38                custom_get_NORFLASH_Size
 .text.Custom_NOR_Init
                0x08015e3e        0x4 ../../../../../out/mt7686_hdk/audio_i2s_demo/obj/driver/chip/mt7686/src/hal_flash_custom.o
                0x08015e3e                Custom_NOR_Init
 .text.CMEM_BlockSize_Internal
                0x08015e42       0x30 ../../../../../out/mt7686_hdk/audio_i2s_demo/obj/driver/chip/mt7686/src/hal_flash_combo_nor.o
                0x08015e42                CMEM_BlockSize_Internal
 *fill*         0x08015e72        0x2 
 .text.CMEM_BlockSize
                0x08015e74        0xc ../../../../../out/mt7686_hdk/audio_i2s_demo/obj/driver/chip/mt7686/src/hal_flash_combo_nor.o
                0x08015e74                CMEM_BlockSize
 .text.NOR_Get_FlashSizeFromBankInfo
                0x08015e80       0x16 ../../../../../out/mt7686_hdk/audio_i2s_demo/obj/driver/chip/mt7686/src/hal_flash_combo_nor.o
                0x08015e80                NOR_Get_FlashSizeFromBankInfo
 .text.CMEM_NOR_Construct_RegionInfo_Internal
                0x08015e96       0x62 ../../../../../out/mt7686_hdk/audio_i2s_demo/obj/driver/chip/mt7686/src/hal_flash_combo_nor.o
                0x08015e96                CMEM_NOR_Construct_RegionInfo_Internal
 .text.NOR_Construct_RegionInfo
                0x08015ef8       0x28 ../../../../../out/mt7686_hdk/audio_i2s_demo/obj/driver/chip/mt7686/src/hal_flash_combo_nor.o
                0x08015ef8                NOR_Construct_RegionInfo
 .text.CMEM_Init_nor_list
                0x08015f20       0x50 ../../../../../out/mt7686_hdk/audio_i2s_demo/obj/driver/chip/mt7686/src/hal_flash_combo_nor.o
                0x08015f20                CMEM_Init_nor_list
 .text.CMEM_Init_FullDriver
                0x08015f70       0xe8 ../../../../../out/mt7686_hdk/audio_i2s_demo/obj/driver/chip/mt7686/src/hal_flash_combo_nor.o
                0x08015f70                CMEM_Init_FullDriver
 .text.MountDevice
                0x08016058       0x40 ../../../../../out/mt7686_hdk/audio_i2s_demo/obj/driver/chip/mt7686/src/hal_flash_disk.o
 .text.NOR_init
                0x08016098       0x28 ../../../../../out/mt7686_hdk/audio_i2s_demo/obj/driver/chip/mt7686/src/hal_flash_disk.o
                0x08016098                NOR_init
 .text.hal_flash_init
                0x080160c0        0xa ../../../../../out/mt7686_hdk/audio_i2s_demo/obj/driver/chip/mt7686/src/hal_flash_disk.o
                0x080160c0                hal_flash_init
 *fill*         0x080160ca        0x2 
 .text.dma_interrupt_hander
                0x080160cc      0x158 ../../../../../out/mt7686_hdk/audio_i2s_demo/obj/driver/chip/mt7686/src/hal_pdma_internal.o
                0x080160cc                dma_interrupt_hander
 .text.dma_enable_clock.part.0
                0x08016224       0x12 ../../../../../out/mt7686_hdk/audio_i2s_demo/obj/driver/chip/mt7686/src/hal_pdma_internal.o
 .text.dma_disable_clock.part.1
                0x08016236       0x12 ../../../../../out/mt7686_hdk/audio_i2s_demo/obj/driver/chip/mt7686/src/hal_pdma_internal.o
 .text.vdma_init
                0x08016248      0x158 ../../../../../out/mt7686_hdk/audio_i2s_demo/obj/driver/chip/mt7686/src/hal_pdma_internal.o
                0x08016248                vdma_init
 .text.vdma_deinit
                0x080163a0       0xb0 ../../../../../out/mt7686_hdk/audio_i2s_demo/obj/driver/chip/mt7686/src/hal_pdma_internal.o
                0x080163a0                vdma_deinit
 .text.vdma_configure
                0x08016450       0x54 ../../../../../out/mt7686_hdk/audio_i2s_demo/obj/driver/chip/mt7686/src/hal_pdma_internal.o
                0x08016450                vdma_configure
 .text.vdma_enable_interrupt
                0x080164a4       0x20 ../../../../../out/mt7686_hdk/audio_i2s_demo/obj/driver/chip/mt7686/src/hal_pdma_internal.o
                0x080164a4                vdma_enable_interrupt
 .text.vdma_start
                0x080164c4       0x68 ../../../../../out/mt7686_hdk/audio_i2s_demo/obj/driver/chip/mt7686/src/hal_pdma_internal.o
                0x080164c4                vdma_start
 .text.vdma_disable_interrupt
                0x0801652c       0x1c ../../../../../out/mt7686_hdk/audio_i2s_demo/obj/driver/chip/mt7686/src/hal_pdma_internal.o
                0x0801652c                vdma_disable_interrupt
 .text.vdma_stop
                0x08016548       0x1c ../../../../../out/mt7686_hdk/audio_i2s_demo/obj/driver/chip/mt7686/src/hal_pdma_internal.o
                0x08016548                vdma_stop
 .text.vdma_set_threshold
                0x08016564       0x28 ../../../../../out/mt7686_hdk/audio_i2s_demo/obj/driver/chip/mt7686/src/hal_pdma_internal.o
                0x08016564                vdma_set_threshold
 .text.vdma_set_alert_length
                0x0801658c       0x24 ../../../../../out/mt7686_hdk/audio_i2s_demo/obj/driver/chip/mt7686/src/hal_pdma_internal.o
                0x0801658c                vdma_set_alert_length
 .text.vdma_push_data
                0x080165b0       0x1c ../../../../../out/mt7686_hdk/audio_i2s_demo/obj/driver/chip/mt7686/src/hal_pdma_internal.o
                0x080165b0                vdma_push_data
 .text.vdma_pop_data
                0x080165cc       0x20 ../../../../../out/mt7686_hdk/audio_i2s_demo/obj/driver/chip/mt7686/src/hal_pdma_internal.o
                0x080165cc                vdma_pop_data
 .text.vdma_get_available_receive_bytes
                0x080165ec       0x20 ../../../../../out/mt7686_hdk/audio_i2s_demo/obj/driver/chip/mt7686/src/hal_pdma_internal.o
                0x080165ec                vdma_get_available_receive_bytes
 .text.vdma_get_available_send_space
                0x0801660c       0x24 ../../../../../out/mt7686_hdk/audio_i2s_demo/obj/driver/chip/mt7686/src/hal_pdma_internal.o
                0x0801660c                vdma_get_available_send_space
 .text.vdma_register_callback
                0x08016630       0x28 ../../../../../out/mt7686_hdk/audio_i2s_demo/obj/driver/chip/mt7686/src/hal_pdma_internal.o
                0x08016630                vdma_register_callback
 .text.hal_gpt_is_port_valid
                0x08016658       0x1c ../../../../../out/mt7686_hdk/audio_i2s_demo/obj/driver/chip/mt7686/src/hal_gpt.o
 .text.hal_gpt_init
                0x08016674       0x68 ../../../../../out/mt7686_hdk/audio_i2s_demo/obj/driver/chip/mt7686/src/hal_gpt.o
                0x08016674                hal_gpt_init
 .text.hal_cache_enable
                0x080166dc       0x28 ../../../../../out/mt7686_hdk/audio_i2s_demo/obj/driver/chip/mt7686/src/hal_cache.o
                0x080166dc                hal_cache_enable
 .text.hal_cache_region_enable
                0x08016704       0x3c ../../../../../out/mt7686_hdk/audio_i2s_demo/obj/driver/chip/mt7686/src/hal_cache.o
                0x08016704                hal_cache_region_enable
 .text.hal_cache_region_disable
                0x08016740       0x3c ../../../../../out/mt7686_hdk/audio_i2s_demo/obj/driver/chip/mt7686/src/hal_cache.o
                0x08016740                hal_cache_region_disable
 .text.hal_cache_set_size
                0x0801677c       0x34 ../../../../../out/mt7686_hdk/audio_i2s_demo/obj/driver/chip/mt7686/src/hal_cache.o
                0x0801677c                hal_cache_set_size
 .text.hal_cache_region_config
                0x080167b0       0x74 ../../../../../out/mt7686_hdk/audio_i2s_demo/obj/driver/chip/mt7686/src/hal_cache.o
                0x080167b0                hal_cache_region_config
 .text.hal_cache_init
                0x08016824       0x70 ../../../../../out/mt7686_hdk/audio_i2s_demo/obj/driver/chip/mt7686/src/hal_cache.o
                0x08016824                hal_cache_init
 .text.hal_cache_is_cacheable
                0x08016894       0x4c ../../../../../out/mt7686_hdk/audio_i2s_demo/obj/driver/chip/mt7686/src/hal_cache.o
                0x08016894                hal_cache_is_cacheable
 .text.hal_mpu_init
                0x080168e0       0x94 ../../../../../out/mt7686_hdk/audio_i2s_demo/obj/driver/chip/mt7686/src/hal_mpu.o
                0x080168e0                hal_mpu_init
 .text.hal_mpu_enable
                0x08016974       0x1c ../../../../../out/mt7686_hdk/audio_i2s_demo/obj/driver/chip/mt7686/src/hal_mpu.o
                0x08016974                hal_mpu_enable
 .text.hal_mpu_region_enable
                0x08016990       0x40 ../../../../../out/mt7686_hdk/audio_i2s_demo/obj/driver/chip/mt7686/src/hal_mpu.o
                0x08016990                hal_mpu_region_enable
 .text.hal_mpu_region_disable
                0x080169d0       0x40 ../../../../../out/mt7686_hdk/audio_i2s_demo/obj/driver/chip/mt7686/src/hal_mpu.o
                0x080169d0                hal_mpu_region_disable
 .text.hal_mpu_region_configure
                0x08016a10       0xa0 ../../../../../out/mt7686_hdk/audio_i2s_demo/obj/driver/chip/mt7686/src/hal_mpu.o
                0x08016a10                hal_mpu_region_configure
 .text.hal_i2c_backup_all_register
                0x08016ab0       0x44 ../../../../../out/mt7686_hdk/audio_i2s_demo/obj/driver/chip/mt7686/src/hal_i2c_master.o
                0x08016ab0                hal_i2c_backup_all_register
 .text.hal_i2c_restore_all_register
                0x08016af4       0x48 ../../../../../out/mt7686_hdk/audio_i2s_demo/obj/driver/chip/mt7686/src/hal_i2c_master.o
                0x08016af4                hal_i2c_restore_all_register
 .text.hal_i2c_master_wait_transaction_finish
                0x08016b3c       0x70 ../../../../../out/mt7686_hdk/audio_i2s_demo/obj/driver/chip/mt7686/src/hal_i2c_master.o
 .text.hal_i2c_master_init
                0x08016bac       0x8c ../../../../../out/mt7686_hdk/audio_i2s_demo/obj/driver/chip/mt7686/src/hal_i2c_master.o
                0x08016bac                hal_i2c_master_init
 .text.hal_i2c_master_send_polling
                0x08016c38       0xc8 ../../../../../out/mt7686_hdk/audio_i2s_demo/obj/driver/chip/mt7686/src/hal_i2c_master.o
                0x08016c38                hal_i2c_master_send_polling
 .text.i2c_set_frequency
                0x08016d00       0x70 ../../../../../out/mt7686_hdk/audio_i2s_demo/obj/driver/chip/mt7686/src/hal_i2c_master_internal.o
                0x08016d00                i2c_set_frequency
 .text.i2c_config_hardware
                0x08016d70      0x108 ../../../../../out/mt7686_hdk/audio_i2s_demo/obj/driver/chip/mt7686/src/hal_i2c_master_internal.o
                0x08016d70                i2c_config_hardware
 .text.i2c_write_fifo
                0x08016e78       0x1c ../../../../../out/mt7686_hdk/audio_i2s_demo/obj/driver/chip/mt7686/src/hal_i2c_master_internal.o
                0x08016e78                i2c_write_fifo
 .text.i2c_get_transaction_status
                0x08016e94       0x78 ../../../../../out/mt7686_hdk/audio_i2s_demo/obj/driver/chip/mt7686/src/hal_i2c_master_internal.o
                0x08016e94                i2c_get_transaction_status
 .text.hal_clock_fxo_is_26m
                0x08016f0c        0xc ../../../../../out/mt7686_hdk/audio_i2s_demo/obj/driver/chip/mt7686/src/hal_clock.o
                0x08016f0c                hal_clock_fxo_is_26m
 .text.dcxo_set_register_value
                0x08016f18       0x16 ../../../../../out/mt7686_hdk/audio_i2s_demo/obj/driver/chip/mt7686/src/hal_dcxo.o
                0x08016f18                dcxo_set_register_value
 *fill*         0x08016f2e        0x2 
 .text.dcxo_set_xtal_lpm_status
                0x08016f30       0x20 ../../../../../out/mt7686_hdk/audio_i2s_demo/obj/driver/chip/mt7686/src/hal_dcxo.o
                0x08016f30                dcxo_set_xtal_lpm_status
 .text.dcxo_calbration_efuse
                0x08016f50       0x48 ../../../../../out/mt7686_hdk/audio_i2s_demo/obj/driver/chip/mt7686/src/hal_dcxo.o
                0x08016f50                dcxo_calbration_efuse
 .text.hal_dcxo_init
                0x08016f98      0x240 ../../../../../out/mt7686_hdk/audio_i2s_demo/obj/driver/chip/mt7686/src/hal_dcxo.o
                0x08016f98                hal_dcxo_init
 .text.hal_eint_register_callback
                0x080171d8       0x30 ../../../../../out/mt7686_hdk/audio_i2s_demo/obj/driver/chip/mt7686/src/hal_eint.o
                0x080171d8                hal_eint_register_callback
 .text.hal_eint_set_trigger_mode
                0x08017208       0x94 ../../../../../out/mt7686_hdk/audio_i2s_demo/obj/driver/chip/mt7686/src/hal_eint.o
                0x08017208                hal_eint_set_trigger_mode
 .text.hal_eint_set_debounce_time
                0x0801729c       0x60 ../../../../../out/mt7686_hdk/audio_i2s_demo/obj/driver/chip/mt7686/src/hal_eint.o
                0x0801729c                hal_eint_set_debounce_time
 .text.hal_eint_init
                0x080172fc       0x6c ../../../../../out/mt7686_hdk/audio_i2s_demo/obj/driver/chip/mt7686/src/hal_eint.o
                0x080172fc                hal_eint_init
 .text.eint_mask_wakeup_source
                0x08017368       0x2c ../../../../../out/mt7686_hdk/audio_i2s_demo/obj/driver/chip/mt7686/src/hal_eint.o
                0x08017368                eint_mask_wakeup_source
 .text.eint_unmask_wakeup_source
                0x08017394       0x2c ../../../../../out/mt7686_hdk/audio_i2s_demo/obj/driver/chip/mt7686/src/hal_eint.o
                0x08017394                eint_unmask_wakeup_source
 .text.hal_eint_mask
                0x080173c0       0x34 ../../../../../out/mt7686_hdk/audio_i2s_demo/obj/driver/chip/mt7686/src/hal_eint.o
                0x080173c0                hal_eint_mask
 .text.hal_eint_unmask
                0x080173f4       0x34 ../../../../../out/mt7686_hdk/audio_i2s_demo/obj/driver/chip/mt7686/src/hal_eint.o
                0x080173f4                hal_eint_unmask
 .text.eint_ack_interrupt
                0x08017428       0x14 ../../../../../out/mt7686_hdk/audio_i2s_demo/obj/driver/chip/mt7686/src/hal_eint_internal.o
                0x08017428                eint_ack_interrupt
 .text.eint_caculate_debounce_time
                0x0801743c       0xdc ../../../../../out/mt7686_hdk/audio_i2s_demo/obj/driver/chip/mt7686/src/hal_eint_internal.o
                0x0801743c                eint_caculate_debounce_time
 .text.hal_eint_isr
                0x08017518       0x40 ../../../../../out/mt7686_hdk/audio_i2s_demo/obj/driver/chip/mt7686/src/hal_eint_internal.o
                0x08017518                hal_eint_isr
 .text.rtc_wait_busy
                0x08017558       0x1c ../../../../../out/mt7686_hdk/audio_i2s_demo/obj/driver/chip/mt7686/src/hal_rtc.o
 .text.rtc_write_trigger_wait
                0x08017574       0x14 ../../../../../out/mt7686_hdk/audio_i2s_demo/obj/driver/chip/mt7686/src/hal_rtc.o
 .text.rtc_unlock_PROT
                0x08017588       0x24 ../../../../../out/mt7686_hdk/audio_i2s_demo/obj/driver/chip/mt7686/src/hal_rtc.o
 .text.rtc_reload
                0x080175ac       0x14 ../../../../../out/mt7686_hdk/audio_i2s_demo/obj/driver/chip/mt7686/src/hal_rtc.o
 .text.rtc_write_osc32con0
                0x080175c0       0x50 ../../../../../out/mt7686_hdk/audio_i2s_demo/obj/driver/chip/mt7686/src/hal_rtc.o
 .text.rtc_read_osc32con1
                0x08017610       0x14 ../../../../../out/mt7686_hdk/audio_i2s_demo/obj/driver/chip/mt7686/src/hal_rtc.o
 .text.rtc_write_osc32con1
                0x08017624       0x30 ../../../../../out/mt7686_hdk/audio_i2s_demo/obj/driver/chip/mt7686/src/hal_rtc.o
 .text.rtc_write_osc32con2
                0x08017654       0x50 ../../../../../out/mt7686_hdk/audio_i2s_demo/obj/driver/chip/mt7686/src/hal_rtc.o
 .text.rtc_write_sramcon
                0x080176a4       0x50 ../../../../../out/mt7686_hdk/audio_i2s_demo/obj/driver/chip/mt7686/src/hal_rtc.o
 .text.rtc_lpd_init
                0x080176f4       0x38 ../../../../../out/mt7686_hdk/audio_i2s_demo/obj/driver/chip/mt7686/src/hal_rtc.o
 .text.rtc_eint_callback
                0x0801772c       0x60 ../../../../../out/mt7686_hdk/audio_i2s_demo/obj/driver/chip/mt7686/src/hal_rtc.o
 .text.f32k_measure_clock
                0x0801778c       0x74 ../../../../../out/mt7686_hdk/audio_i2s_demo/obj/driver/chip/mt7686/src/hal_rtc.o
                0x0801778c                f32k_measure_clock
 .text.rtc_is_back_from_retention
                0x08017800       0x18 ../../../../../out/mt7686_hdk/audio_i2s_demo/obj/driver/chip/mt7686/src/hal_rtc.o
                0x08017800                rtc_is_back_from_retention
 .text.hal_rtc_retention_sram_config
                0x08017818      0x130 ../../../../../out/mt7686_hdk/audio_i2s_demo/obj/driver/chip/mt7686/src/hal_rtc.o
                0x08017818                hal_rtc_retention_sram_config
 .text.hal_rtc_exit_retention_mode
                0x08017948       0xb0 ../../../../../out/mt7686_hdk/audio_i2s_demo/obj/driver/chip/mt7686/src/hal_rtc.o
                0x08017948                hal_rtc_exit_retention_mode
 .text.hal_rtc_init
                0x080179f8      0x238 ../../../../../out/mt7686_hdk/audio_i2s_demo/obj/driver/chip/mt7686/src/hal_rtc.o
                0x080179f8                hal_rtc_init
 .text.hal_wdt_isr
                0x08017c30       0x1c ../../../../../out/mt7686_hdk/audio_i2s_demo/obj/driver/chip/mt7686/src/hal_wdt.o
 .text.hal_wdt_init
                0x08017c4c       0x4c ../../../../../out/mt7686_hdk/audio_i2s_demo/obj/driver/chip/mt7686/src/hal_wdt.o
                0x08017c4c                hal_wdt_init
 .text.hal_wdt_enable
                0x08017c98       0x20 ../../../../../out/mt7686_hdk/audio_i2s_demo/obj/driver/chip/mt7686/src/hal_wdt.o
                0x08017c98                hal_wdt_enable
 .text.hal_wdt_disable
                0x08017cb8       0x1c ../../../../../out/mt7686_hdk/audio_i2s_demo/obj/driver/chip/mt7686/src/hal_wdt.o
                0x08017cb8                hal_wdt_disable
 .text.wdt_set_length
                0x08017cd4       0x24 ../../../../../out/mt7686_hdk/audio_i2s_demo/obj/driver/chip/mt7686/src/hal_wdt_internal.o
                0x08017cd4                wdt_set_length
 .text.wdt_set_mode
                0x08017cf8       0x14 ../../../../../out/mt7686_hdk/audio_i2s_demo/obj/driver/chip/mt7686/src/hal_wdt_internal.o
                0x08017cf8                wdt_set_mode
 .text.wdt_set_restart
                0x08017d0c       0x10 ../../../../../out/mt7686_hdk/audio_i2s_demo/obj/driver/chip/mt7686/src/hal_wdt_internal.o
                0x08017d0c                wdt_set_restart
 .text.wdt_set_enable
                0x08017d1c       0x20 ../../../../../out/mt7686_hdk/audio_i2s_demo/obj/driver/chip/mt7686/src/hal_wdt_internal.o
                0x08017d1c                wdt_set_enable
 .text.wdt_get_reset_status
                0x08017d3c       0x1c ../../../../../out/mt7686_hdk/audio_i2s_demo/obj/driver/chip/mt7686/src/hal_wdt_internal.o
                0x08017d3c                wdt_get_reset_status
 .text.wdt_clear_irq
                0x08017d58        0xc ../../../../../out/mt7686_hdk/audio_i2s_demo/obj/driver/chip/mt7686/src/hal_wdt_internal.o
                0x08017d58                wdt_clear_irq
 .text.pmu_count_bit_1
                0x08017d64       0x1a ../../../../../out/mt7686_hdk/audio_i2s_demo/obj/driver/chip/mt7686/src/hal_pmu.o
                0x08017d64                pmu_count_bit_1
 *fill*         0x08017d7e        0x2 
 .text.pmu_efuse_calibration
                0x08017d80      0x154 ../../../../../out/mt7686_hdk/audio_i2s_demo/obj/driver/chip/mt7686/src/hal_pmu.o
                0x08017d80                pmu_efuse_calibration
 .text.pmu_init_mt7686
                0x08017ed4       0x24 ../../../../../out/mt7686_hdk/audio_i2s_demo/obj/driver/chip/mt7686/src/hal_pmu.o
                0x08017ed4                pmu_init_mt7686
 .text.pmu_resume_to_normal_mt7686
                0x08017ef8       0x70 ../../../../../out/mt7686_hdk/audio_i2s_demo/obj/driver/chip/mt7686/src/hal_pmu.o
                0x08017ef8                pmu_resume_to_normal_mt7686
 .text.hal_pmu_init
                0x08017f68        0x4 ../../../../../out/mt7686_hdk/audio_i2s_demo/obj/driver/chip/mt7686/src/hal_pmu_wrap_interface.o
                0x08017f68                hal_pmu_init
 .text.hal_pmu_resume_to_normal
                0x08017f6c        0x4 ../../../../../out/mt7686_hdk/audio_i2s_demo/obj/driver/chip/mt7686/src/hal_pmu_wrap_interface.o
                0x08017f6c                hal_pmu_resume_to_normal
 .text.hal_dwt_reset
                0x08017f70       0x3c ../../../../../out/mt7686_hdk/audio_i2s_demo/obj/driver/chip/mt7686/src/hal_dwt.o
                0x08017f70                hal_dwt_reset
 .text.hal_dwt_init
                0x08017fac       0x58 ../../../../../out/mt7686_hdk/audio_i2s_demo/obj/driver/chip/mt7686/src/hal_dwt.o
                0x08017fac                hal_dwt_init
 .text.hal_dwt_request_watchpoint
                0x08018004       0x58 ../../../../../out/mt7686_hdk/audio_i2s_demo/obj/driver/chip/mt7686/src/hal_dwt.o
                0x08018004                hal_dwt_request_watchpoint
 .text.sleep_management_register_suspend_callback
                0x0801805c       0x70 ../../../../../out/mt7686_hdk/audio_i2s_demo/obj/driver/chip/mt7686/src_core/hal_sleep_manager_internal.o
                0x0801805c                sleep_management_register_suspend_callback
 .text.sleep_management_register_resume_callback
                0x080180cc       0x70 ../../../../../out/mt7686_hdk/audio_i2s_demo/obj/driver/chip/mt7686/src_core/hal_sleep_manager_internal.o
                0x080180cc                sleep_management_register_resume_callback
 .text.sleep_management_get_lock_handle
                0x0801813c       0xfc ../../../../../out/mt7686_hdk/audio_i2s_demo/obj/driver/chip/mt7686/src_core/hal_sleep_manager_internal.o
                0x0801813c                sleep_management_get_lock_handle
 .text.sleep_management_lock_sleep
                0x08018238       0xe4 ../../../../../out/mt7686_hdk/audio_i2s_demo/obj/driver/chip/mt7686/src_core/hal_sleep_manager_internal.o
                0x08018238                sleep_management_lock_sleep
 .text.sleep_management_check_handle_status
                0x0801831c       0x30 ../../../../../out/mt7686_hdk/audio_i2s_demo/obj/driver/chip/mt7686/src_core/hal_sleep_manager_internal.o
                0x0801831c                sleep_management_check_handle_status
 .text.sleep_management_low_power_init_setting
                0x0801834c       0x5c ../../../../../out/mt7686_hdk/audio_i2s_demo/obj/driver/chip/mt7686/src_core/hal_sleep_manager_internal.o
                0x0801834c                sleep_management_low_power_init_setting
 .text.hal_sleep_manager_set_sleep_handle
                0x080183a8        0x4 ../../../../../out/mt7686_hdk/audio_i2s_demo/obj/driver/chip/mt7686/src_core/hal_sleep_manager.o
                0x080183a8                hal_sleep_manager_set_sleep_handle
 .text.hal_sleep_manager_lock_sleep
                0x080183ac        0xe ../../../../../out/mt7686_hdk/audio_i2s_demo/obj/driver/chip/mt7686/src_core/hal_sleep_manager.o
                0x080183ac                hal_sleep_manager_lock_sleep
 .text.hal_sleep_manager_unlock_sleep
                0x080183ba        0xe ../../../../../out/mt7686_hdk/audio_i2s_demo/obj/driver/chip/mt7686/src_core/hal_sleep_manager.o
                0x080183ba                hal_sleep_manager_unlock_sleep
 .text.hal_sleep_manager_is_sleep_handle_alive
                0x080183c8        0x4 ../../../../../out/mt7686_hdk/audio_i2s_demo/obj/driver/chip/mt7686/src_core/hal_sleep_manager.o
                0x080183c8                hal_sleep_manager_is_sleep_handle_alive
 .text.hal_sleep_manager_init
                0x080183cc       0x3c ../../../../../out/mt7686_hdk/audio_i2s_demo/obj/driver/chip/mt7686/src_core/hal_sleep_manager.o
                0x080183cc                hal_sleep_manager_init
 .text.spm_control_mtcmos_internal
                0x08018408      0x1d0 ../../../../../out/mt7686_hdk/audio_i2s_demo/obj/driver/chip/mt7686/src_core/hal_spm.o
                0x08018408                spm_control_mtcmos_internal
 .text.spm_control_mtcmos
                0x080185d8       0x5c ../../../../../out/mt7686_hdk/audio_i2s_demo/obj/driver/chip/mt7686/src_core/hal_spm.o
                0x080185d8                spm_control_mtcmos
 .text.manual_spm_read_im
                0x08018634       0x1c ../../../../../out/mt7686_hdk/audio_i2s_demo/obj/driver/chip/mt7686/src_core/hal_spm.o
                0x08018634                manual_spm_read_im
 .text.spm_init
                0x08018650      0x1c4 ../../../../../out/mt7686_hdk/audio_i2s_demo/obj/driver/chip/mt7686/src_core/hal_spm.o
                0x08018650                spm_init
 .text.gpio_mode_init
                0x08018814       0x6c ../../../../../out/mt7686_hdk/audio_i2s_demo/obj/driver/board/mt7686_hdk/ept/src/bsp_gpio_ept_config.o
                0x08018814                gpio_mode_init
 .text.gpio_dir_init
                0x08018880       0x10 ../../../../../out/mt7686_hdk/audio_i2s_demo/obj/driver/board/mt7686_hdk/ept/src/bsp_gpio_ept_config.o
                0x08018880                gpio_dir_init
 .text.gpio_pu_init
                0x08018890       0x34 ../../../../../out/mt7686_hdk/audio_i2s_demo/obj/driver/board/mt7686_hdk/ept/src/bsp_gpio_ept_config.o
                0x08018890                gpio_pu_init
 .text.gpio_pd_init
                0x080188c4       0x34 ../../../../../out/mt7686_hdk/audio_i2s_demo/obj/driver/board/mt7686_hdk/ept/src/bsp_gpio_ept_config.o
                0x080188c4                gpio_pd_init
 .text.gpio_output_init
                0x080188f8       0x10 ../../../../../out/mt7686_hdk/audio_i2s_demo/obj/driver/board/mt7686_hdk/ept/src/bsp_gpio_ept_config.o
                0x080188f8                gpio_output_init
 .text.gpio_pupd_init
                0x08018908       0x28 ../../../../../out/mt7686_hdk/audio_i2s_demo/obj/driver/board/mt7686_hdk/ept/src/bsp_gpio_ept_config.o
                0x08018908                gpio_pupd_init
 .text.gpio_r0_r1_init
                0x08018930       0x30 ../../../../../out/mt7686_hdk/audio_i2s_demo/obj/driver/board/mt7686_hdk/ept/src/bsp_gpio_ept_config.o
                0x08018930                gpio_r0_r1_init
 .text.bsp_ept_gpio_setting_init
                0x08018960       0x22 ../../../../../out/mt7686_hdk/audio_i2s_demo/obj/driver/board/mt7686_hdk/ept/src/bsp_gpio_ept_config.o
                0x08018960                bsp_ept_gpio_setting_init
 *fill*         0x08018982        0x2 
 .text.prvResetNextTaskUnblockTime
                0x08018984       0x24 ../../../../../out/mt7686_hdk/audio_i2s_demo/obj/kernel/rtos/FreeRTOS/Source/tasks.o
 .text.prvAddCurrentTaskToDelayedList
                0x080189a8       0x50 ../../../../../out/mt7686_hdk/audio_i2s_demo/obj/kernel/rtos/FreeRTOS/Source/tasks.o
 .text.xTaskGenericCreate
                0x080189f8      0x1e0 ../../../../../out/mt7686_hdk/audio_i2s_demo/obj/kernel/rtos/FreeRTOS/Source/tasks.o
                0x080189f8                xTaskGenericCreate
 .text.vTaskDelete
                0x08018bd8       0xcc ../../../../../out/mt7686_hdk/audio_i2s_demo/obj/kernel/rtos/FreeRTOS/Source/tasks.o
                0x08018bd8                vTaskDelete
 .text.vTaskPrioritySet
                0x08018ca4       0xe0 ../../../../../out/mt7686_hdk/audio_i2s_demo/obj/kernel/rtos/FreeRTOS/Source/tasks.o
                0x08018ca4                vTaskPrioritySet
 .text.vTaskStartScheduler
                0x08018d84       0x78 ../../../../../out/mt7686_hdk/audio_i2s_demo/obj/kernel/rtos/FreeRTOS/Source/tasks.o
                0x08018d84                vTaskStartScheduler
 .text.vTaskSuspendAll
                0x08018dfc       0x10 ../../../../../out/mt7686_hdk/audio_i2s_demo/obj/kernel/rtos/FreeRTOS/Source/tasks.o
                0x08018dfc                vTaskSuspendAll
 .text.xTaskGetTickCount
                0x08018e0c        0xc ../../../../../out/mt7686_hdk/audio_i2s_demo/obj/kernel/rtos/FreeRTOS/Source/tasks.o
                0x08018e0c                xTaskGetTickCount
 .text.xTaskIncrementTick
                0x08018e18      0x118 ../../../../../out/mt7686_hdk/audio_i2s_demo/obj/kernel/rtos/FreeRTOS/Source/tasks.o
                0x08018e18                xTaskIncrementTick
 .text.xTaskResumeAll
                0x08018f30       0xe8 ../../../../../out/mt7686_hdk/audio_i2s_demo/obj/kernel/rtos/FreeRTOS/Source/tasks.o
                0x08018f30                xTaskResumeAll
 .text.vTaskDelay
                0x08019018       0x80 ../../../../../out/mt7686_hdk/audio_i2s_demo/obj/kernel/rtos/FreeRTOS/Source/tasks.o
                0x08019018                vTaskDelay
 .text.prvIdleTask
                0x08019098       0x74 ../../../../../out/mt7686_hdk/audio_i2s_demo/obj/kernel/rtos/FreeRTOS/Source/tasks.o
 .text.vTaskSwitchContext
                0x0801910c       0xc0 ../../../../../out/mt7686_hdk/audio_i2s_demo/obj/kernel/rtos/FreeRTOS/Source/tasks.o
                0x0801910c                vTaskSwitchContext
 .text.vTaskPlaceOnEventList
                0x080191cc       0x78 ../../../../../out/mt7686_hdk/audio_i2s_demo/obj/kernel/rtos/FreeRTOS/Source/tasks.o
                0x080191cc                vTaskPlaceOnEventList
 .text.vTaskPlaceOnEventListRestricted
                0x08019244       0x60 ../../../../../out/mt7686_hdk/audio_i2s_demo/obj/kernel/rtos/FreeRTOS/Source/tasks.o
                0x08019244                vTaskPlaceOnEventListRestricted
 .text.xTaskRemoveFromEventList
                0x080192a4       0x84 ../../../../../out/mt7686_hdk/audio_i2s_demo/obj/kernel/rtos/FreeRTOS/Source/tasks.o
                0x080192a4                xTaskRemoveFromEventList
 .text.vTaskSetTimeOutState
                0x08019328       0x30 ../../../../../out/mt7686_hdk/audio_i2s_demo/obj/kernel/rtos/FreeRTOS/Source/tasks.o
                0x08019328                vTaskSetTimeOutState
 .text.xTaskCheckForTimeOut
                0x08019358       0x74 ../../../../../out/mt7686_hdk/audio_i2s_demo/obj/kernel/rtos/FreeRTOS/Source/tasks.o
                0x08019358                xTaskCheckForTimeOut
 .text.vTaskMissedYield
                0x080193cc        0xc ../../../../../out/mt7686_hdk/audio_i2s_demo/obj/kernel/rtos/FreeRTOS/Source/tasks.o
                0x080193cc                vTaskMissedYield
 .text.xTaskGetSchedulerState
                0x080193d8       0x20 ../../../../../out/mt7686_hdk/audio_i2s_demo/obj/kernel/rtos/FreeRTOS/Source/tasks.o
                0x080193d8                xTaskGetSchedulerState
 .text.vTaskPriorityInherit
                0x080193f8       0x94 ../../../../../out/mt7686_hdk/audio_i2s_demo/obj/kernel/rtos/FreeRTOS/Source/tasks.o
                0x080193f8                vTaskPriorityInherit
 .text.xTaskPriorityDisinherit
                0x0801948c       0x88 ../../../../../out/mt7686_hdk/audio_i2s_demo/obj/kernel/rtos/FreeRTOS/Source/tasks.o
                0x0801948c                xTaskPriorityDisinherit
 .text.pvTaskIncrementMutexHeldCount
                0x08019514       0x18 ../../../../../out/mt7686_hdk/audio_i2s_demo/obj/kernel/rtos/FreeRTOS/Source/tasks.o
                0x08019514                pvTaskIncrementMutexHeldCount
 .text.uxTaskGetBottomOfStack
                0x0801952c       0x10 ../../../../../out/mt7686_hdk/audio_i2s_demo/obj/kernel/rtos/FreeRTOS/Source/tasks.o
                0x0801952c                uxTaskGetBottomOfStack
 .text.vListInitialise
                0x0801953c       0x16 ../../../../../out/mt7686_hdk/audio_i2s_demo/obj/kernel/rtos/FreeRTOS/Source/list.o
                0x0801953c                vListInitialise
 .text.vListInitialiseItem
                0x08019552        0x6 ../../../../../out/mt7686_hdk/audio_i2s_demo/obj/kernel/rtos/FreeRTOS/Source/list.o
                0x08019552                vListInitialiseItem
 .text.vListInsertEnd
                0x08019558       0x18 ../../../../../out/mt7686_hdk/audio_i2s_demo/obj/kernel/rtos/FreeRTOS/Source/list.o
                0x08019558                vListInsertEnd
 .text.vListInsert
                0x08019570       0x30 ../../../../../out/mt7686_hdk/audio_i2s_demo/obj/kernel/rtos/FreeRTOS/Source/list.o
                0x08019570                vListInsert
 .text.uxListRemove
                0x080195a0       0x24 ../../../../../out/mt7686_hdk/audio_i2s_demo/obj/kernel/rtos/FreeRTOS/Source/list.o
                0x080195a0                uxListRemove
 .text.prvCopyDataToQueue
                0x080195c4       0x6a ../../../../../out/mt7686_hdk/audio_i2s_demo/obj/kernel/rtos/FreeRTOS/Source/queue.o
 *fill*         0x0801962e        0x2 
 .text.prvNotifyQueueSetContainer
                0x08019630       0x68 ../../../../../out/mt7686_hdk/audio_i2s_demo/obj/kernel/rtos/FreeRTOS/Source/queue.o
 .text.prvCopyDataFromQueue
                0x08019698       0x26 ../../../../../out/mt7686_hdk/audio_i2s_demo/obj/kernel/rtos/FreeRTOS/Source/queue.o
 .text.prvUnlockQueue
                0x080196be       0x78 ../../../../../out/mt7686_hdk/audio_i2s_demo/obj/kernel/rtos/FreeRTOS/Source/queue.o
 *fill*         0x08019736        0x2 
 .text.xQueueGenericReset
                0x08019738       0x80 ../../../../../out/mt7686_hdk/audio_i2s_demo/obj/kernel/rtos/FreeRTOS/Source/queue.o
                0x08019738                xQueueGenericReset
 .text.xQueueGenericCreate
                0x080197b8       0x6c ../../../../../out/mt7686_hdk/audio_i2s_demo/obj/kernel/rtos/FreeRTOS/Source/queue.o
                0x080197b8                xQueueGenericCreate
 .text.xQueueCreateCountingSemaphore
                0x08019824       0x58 ../../../../../out/mt7686_hdk/audio_i2s_demo/obj/kernel/rtos/FreeRTOS/Source/queue.o
                0x08019824                xQueueCreateCountingSemaphore
 .text.xQueueGenericSend
                0x0801987c      0x17c ../../../../../out/mt7686_hdk/audio_i2s_demo/obj/kernel/rtos/FreeRTOS/Source/queue.o
                0x0801987c                xQueueGenericSend
 .text.xQueueGenericSendFromISR
                0x080199f8       0xcc ../../../../../out/mt7686_hdk/audio_i2s_demo/obj/kernel/rtos/FreeRTOS/Source/queue.o
                0x080199f8                xQueueGenericSendFromISR
 .text.xQueueGiveFromISR
                0x08019ac4       0x98 ../../../../../out/mt7686_hdk/audio_i2s_demo/obj/kernel/rtos/FreeRTOS/Source/queue.o
                0x08019ac4                xQueueGiveFromISR
 .text.xQueueGenericReceive
                0x08019b5c      0x170 ../../../../../out/mt7686_hdk/audio_i2s_demo/obj/kernel/rtos/FreeRTOS/Source/queue.o
                0x08019b5c                xQueueGenericReceive
 .text.xQueueReceiveFromISR
                0x08019ccc       0x8c ../../../../../out/mt7686_hdk/audio_i2s_demo/obj/kernel/rtos/FreeRTOS/Source/queue.o
                0x08019ccc                xQueueReceiveFromISR
 .text.vQueueAddToRegistry
                0x08019d58       0x24 ../../../../../out/mt7686_hdk/audio_i2s_demo/obj/kernel/rtos/FreeRTOS/Source/queue.o
                0x08019d58                vQueueAddToRegistry
 .text.vQueueUnregisterQueue
                0x08019d7c       0x24 ../../../../../out/mt7686_hdk/audio_i2s_demo/obj/kernel/rtos/FreeRTOS/Source/queue.o
                0x08019d7c                vQueueUnregisterQueue
 .text.vQueueDelete
                0x08019da0       0x2c ../../../../../out/mt7686_hdk/audio_i2s_demo/obj/kernel/rtos/FreeRTOS/Source/queue.o
                0x08019da0                vQueueDelete
 .text.vQueueWaitForMessageRestricted
                0x08019dcc       0x3a ../../../../../out/mt7686_hdk/audio_i2s_demo/obj/kernel/rtos/FreeRTOS/Source/queue.o
                0x08019dcc                vQueueWaitForMessageRestricted
 *fill*         0x08019e06        0x2 
 .text.prvCheckForValidListAndQueue
                0x08019e08       0x70 ../../../../../out/mt7686_hdk/audio_i2s_demo/obj/kernel/rtos/FreeRTOS/Source/timers.o
 .text.prvInsertTimerInActiveList
                0x08019e78       0x3c ../../../../../out/mt7686_hdk/audio_i2s_demo/obj/kernel/rtos/FreeRTOS/Source/timers.o
 .text.xTimerCreateTimerTask
                0x08019eb4       0x50 ../../../../../out/mt7686_hdk/audio_i2s_demo/obj/kernel/rtos/FreeRTOS/Source/timers.o
                0x08019eb4                xTimerCreateTimerTask
 .text.xTimerGenericCommand
                0x08019f04       0x48 ../../../../../out/mt7686_hdk/audio_i2s_demo/obj/kernel/rtos/FreeRTOS/Source/timers.o
                0x08019f04                xTimerGenericCommand
 .text.prvSwitchTimerLists
                0x08019f4c       0x78 ../../../../../out/mt7686_hdk/audio_i2s_demo/obj/kernel/rtos/FreeRTOS/Source/timers.o
 .text.prvTimerTask
                0x08019fc4      0x1a8 ../../../../../out/mt7686_hdk/audio_i2s_demo/obj/kernel/rtos/FreeRTOS/Source/timers.o
 .text.prvPortStartFirstTask
                0x0801a16c       0x20 ../../../../../out/mt7686_hdk/audio_i2s_demo/obj/kernel/rtos/FreeRTOS/Source/portable/GCC/ARM_CM4F/port.o
 .text.vPortEnableVFP
                0x0801a18c       0x14 ../../../../../out/mt7686_hdk/audio_i2s_demo/obj/kernel/rtos/FreeRTOS/Source/portable/GCC/ARM_CM4F/port.o
 .text.prvTaskExitError
                0x0801a1a0       0x34 ../../../../../out/mt7686_hdk/audio_i2s_demo/obj/kernel/rtos/FreeRTOS/Source/portable/GCC/ARM_CM4F/port.o
 .text.pxPortInitialiseStack
                0x0801a1d4       0x24 ../../../../../out/mt7686_hdk/audio_i2s_demo/obj/kernel/rtos/FreeRTOS/Source/portable/GCC/ARM_CM4F/port.o
                0x0801a1d4                pxPortInitialiseStack
 .text.vPortCurrentTaskStackOverflowCheck
                0x0801a1f8       0x18 ../../../../../out/mt7686_hdk/audio_i2s_demo/obj/kernel/rtos/FreeRTOS/Source/portable/GCC/ARM_CM4F/port.o
                0x0801a1f8                vPortCurrentTaskStackOverflowCheck
 .text.vPortEnterCritical
                0x0801a210       0x44 ../../../../../out/mt7686_hdk/audio_i2s_demo/obj/kernel/rtos/FreeRTOS/Source/portable/GCC/ARM_CM4F/port.o
                0x0801a210                vPortEnterCritical
 .text.vPortExitCritical
                0x0801a254       0x30 ../../../../../out/mt7686_hdk/audio_i2s_demo/obj/kernel/rtos/FreeRTOS/Source/portable/GCC/ARM_CM4F/port.o
                0x0801a254                vPortExitCritical
 .text.xPortStartScheduler
                0x0801a284       0xa0 ../../../../../out/mt7686_hdk/audio_i2s_demo/obj/kernel/rtos/FreeRTOS/Source/portable/GCC/ARM_CM4F/port.o
                0x0801a284                xPortStartScheduler
 .text.vPortValidateInterruptPriority
                0x0801a324       0x60 ../../../../../out/mt7686_hdk/audio_i2s_demo/obj/kernel/rtos/FreeRTOS/Source/portable/GCC/ARM_CM4F/port.o
                0x0801a324                vPortValidateInterruptPriority
 .text.prvInsertBlockIntoFreeList
                0x0801a384       0x4c ../../../../../out/mt7686_hdk/audio_i2s_demo/obj/kernel/rtos/FreeRTOS/Source/portable/MemMang/heap_4.o
 .text.pvPortMalloc
                0x0801a3d0      0x140 ../../../../../out/mt7686_hdk/audio_i2s_demo/obj/kernel/rtos/FreeRTOS/Source/portable/MemMang/heap_4.o
                0x0801a3d0                pvPortMalloc
 .text.vPortFree
                0x0801a510       0x84 ../../../../../out/mt7686_hdk/audio_i2s_demo/obj/kernel/rtos/FreeRTOS/Source/portable/MemMang/heap_4.o
                0x0801a510                vPortFree
 .text.pvPortCalloc
                0x0801a594       0x1c ../../../../../out/mt7686_hdk/audio_i2s_demo/obj/kernel/rtos/FreeRTOS/Source/portable/MemMang/heap_4.o
                0x0801a594                pvPortCalloc
 .text.pvPortRealloc
                0x0801a5b0       0x74 ../../../../../out/mt7686_hdk/audio_i2s_demo/obj/kernel/rtos/FreeRTOS/Source/portable/MemMang/heap_4.o
                0x0801a5b0                pvPortRealloc
 .text._malloc_r
                0x0801a624        0x6 ../../../../../out/mt7686_hdk/audio_i2s_demo/obj/kernel/rtos/FreeRTOS/Source/portable/MemMang/heap_4.o
                0x0801a624                _malloc_r
 .text._free_r  0x0801a62a        0x6 ../../../../../out/mt7686_hdk/audio_i2s_demo/obj/kernel/rtos/FreeRTOS/Source/portable/MemMang/heap_4.o
                0x0801a62a                _free_r
 .text._calloc_r
                0x0801a630        0x8 ../../../../../out/mt7686_hdk/audio_i2s_demo/obj/kernel/rtos/FreeRTOS/Source/portable/MemMang/heap_4.o
                0x0801a630                _calloc_r
 .text._realloc_r
                0x0801a638        0x8 ../../../../../out/mt7686_hdk/audio_i2s_demo/obj/kernel/rtos/FreeRTOS/Source/portable/MemMang/heap_4.o
                0x0801a638                _realloc_r
 .text.__wrap_malloc
                0x0801a640        0x4 ../../../../../out/mt7686_hdk/audio_i2s_demo/obj/kernel/rtos/FreeRTOS/Source/portable/MemMang/heap_4.o
                0x0801a640                __wrap_malloc
 .text.vPortSetupTimerInterrupt
                0x0801a644       0x20 ../../../../../out/mt7686_hdk/audio_i2s_demo/obj/kernel/rtos/FreeRTOS/Source/portable/GCC/mt7686/port_tick.o
                0x0801a644                vPortSetupTimerInterrupt
 .text.abort    0x0801a664       0x1c ../../../../../out/mt7686_hdk/audio_i2s_demo/obj/kernel/service/src/exception_handler.o
                0x0801a664                abort
 .text.platform_assert
                0x0801a680       0x2c ../../../../../out/mt7686_hdk/audio_i2s_demo/obj/kernel/service/src/exception_handler.o
                0x0801a680                platform_assert
 .text.exception_register_callbacks
                0x0801a6ac       0x44 ../../../../../out/mt7686_hdk/audio_i2s_demo/obj/kernel/service/src/exception_handler.o
                0x0801a6ac                exception_register_callbacks
 .text.NMI_Handler
                0x0801a6f0        0x2 ../../../../../out/mt7686_hdk/audio_i2s_demo/obj/kernel/service/src/exception_handler.o
                0x0801a6f0                NMI_Handler
 *fill*         0x0801a6f2        0x2 
 .text.printUsageErrorMsg
                0x0801a6f4       0x6c ../../../../../out/mt7686_hdk/audio_i2s_demo/obj/kernel/service/src/exception_handler.o
                0x0801a6f4                printUsageErrorMsg
 .text.printMemoryManagementErrorMsg
                0x0801a760       0x74 ../../../../../out/mt7686_hdk/audio_i2s_demo/obj/kernel/service/src/exception_handler.o
                0x0801a760                printMemoryManagementErrorMsg
 .text.printBusFaultErrorMsg
                0x0801a7d4       0x88 ../../../../../out/mt7686_hdk/audio_i2s_demo/obj/kernel/service/src/exception_handler.o
                0x0801a7d4                printBusFaultErrorMsg
 .text.exception_reboot
                0x0801a85c       0x28 ../../../../../out/mt7686_hdk/audio_i2s_demo/obj/kernel/service/src/exception_handler.o
                0x0801a85c                exception_reboot
 .text.stackDump
                0x0801a884      0x390 ../../../../../out/mt7686_hdk/audio_i2s_demo/obj/kernel/service/src/exception_handler.o
                0x0801a884                stackDump
 .text.memoryDumpAll
                0x0801ac14       0x90 ../../../../../out/mt7686_hdk/audio_i2s_demo/obj/kernel/service/src/exception_handler.o
                0x0801ac14                memoryDumpAll
 .text.Hard_Fault_Handler
                0x0801aca4       0x80 ../../../../../out/mt7686_hdk/audio_i2s_demo/obj/kernel/service/src/exception_handler.o
                0x0801aca4                Hard_Fault_Handler
 .text.MemManage_Fault_Handler
                0x0801ad24       0x3c ../../../../../out/mt7686_hdk/audio_i2s_demo/obj/kernel/service/src/exception_handler.o
                0x0801ad24                MemManage_Fault_Handler
 .text.Bus_Fault_Handler
                0x0801ad60       0x3c ../../../../../out/mt7686_hdk/audio_i2s_demo/obj/kernel/service/src/exception_handler.o
                0x0801ad60                Bus_Fault_Handler
 .text.Usage_Fault_Handler
                0x0801ad9c       0x3c ../../../../../out/mt7686_hdk/audio_i2s_demo/obj/kernel/service/src/exception_handler.o
                0x0801ad9c                Usage_Fault_Handler
 .text.Debug_Monitor_Handler
                0x0801add8       0x40 ../../../../../out/mt7686_hdk/audio_i2s_demo/obj/kernel/service/src/exception_handler.o
                0x0801add8                Debug_Monitor_Handler
 .text.vApplicationStackOverflowHook
                0x0801ae18       0x28 ../../../../../out/mt7686_hdk/audio_i2s_demo/obj/kernel/service/src/os_port_callback.o
                0x0801ae18                vApplicationStackOverflowHook
 .text.get_current_time_in_ms
                0x0801ae40       0x24 ../../../../../out/mt7686_hdk/audio_i2s_demo/obj/kernel/service/src/syslog.o
 .text.log_uart_init
                0x0801ae64       0x3c ../../../../../out/mt7686_hdk/audio_i2s_demo/obj/kernel/service/src/syslog.o
                0x0801ae64                log_uart_init
 .text.buffer_pool_init
                0x0801aea0       0x30 ../../../../../out/mt7686_hdk/audio_i2s_demo/obj/kernel/service/src/syslog.o
                0x0801aea0                buffer_pool_init
 .text.buffer_pool_alloc
                0x0801aed0       0x3c ../../../../../out/mt7686_hdk/audio_i2s_demo/obj/kernel/service/src/syslog.o
                0x0801aed0                buffer_pool_alloc
 .text.buffer_pool_release
                0x0801af0c       0x38 ../../../../../out/mt7686_hdk/audio_i2s_demo/obj/kernel/service/src/syslog.o
                0x0801af0c                buffer_pool_release
 .text.log_queue_create
                0x0801af44       0x28 ../../../../../out/mt7686_hdk/audio_i2s_demo/obj/kernel/service/src/syslog.o
                0x0801af44                log_queue_create
 .text.log_queue_send
                0x0801af6c       0x58 ../../../../../out/mt7686_hdk/audio_i2s_demo/obj/kernel/service/src/syslog.o
                0x0801af6c                log_queue_send
 .text.log_queue_receive
                0x0801afc4       0x20 ../../../../../out/mt7686_hdk/audio_i2s_demo/obj/kernel/service/src/syslog.o
                0x0801afc4                log_queue_receive
 .text.print_normal_log
                0x0801afe4       0x44 ../../../../../out/mt7686_hdk/audio_i2s_demo/obj/kernel/service/src/syslog.o
                0x0801afe4                print_normal_log
 .text.hex_dump_data
                0x0801b028       0x4c ../../../../../out/mt7686_hdk/audio_i2s_demo/obj/kernel/service/src/syslog.o
                0x0801b028                hex_dump_data
 .text.print_hex_dump
                0x0801b074       0x64 ../../../../../out/mt7686_hdk/audio_i2s_demo/obj/kernel/service/src/syslog.o
                0x0801b074                print_hex_dump
 .text.process_log_message
                0x0801b0d8       0x4c ../../../../../out/mt7686_hdk/audio_i2s_demo/obj/kernel/service/src/syslog.o
                0x0801b0d8                process_log_message
 .text.syslog_task_entry
                0x0801b124       0x34 ../../../../../out/mt7686_hdk/audio_i2s_demo/obj/kernel/service/src/syslog.o
                0x0801b124                syslog_task_entry
 .text.syslog_exception_cb
                0x0801b158       0x80 ../../../../../out/mt7686_hdk/audio_i2s_demo/obj/kernel/service/src/syslog.o
 .text.log_init
                0x0801b1d8       0xc4 ../../../../../out/mt7686_hdk/audio_i2s_demo/obj/kernel/service/src/syslog.o
                0x0801b1d8                log_init
 .text.vprint_module_log
                0x0801b29c       0xe8 ../../../../../out/mt7686_hdk/audio_i2s_demo/obj/kernel/service/src/syslog.o
                0x0801b29c                vprint_module_log
 .text.print_module_log
                0x0801b384       0x18 ../../../../../out/mt7686_hdk/audio_i2s_demo/obj/kernel/service/src/syslog.o
                0x0801b384                print_module_log
 .text.vdump_module_buffer
                0x0801b39c      0x158 ../../../../../out/mt7686_hdk/audio_i2s_demo/obj/kernel/service/src/syslog.o
                0x0801b39c                vdump_module_buffer
 .text.dump_module_buffer
                0x0801b4f4       0x1e ../../../../../out/mt7686_hdk/audio_i2s_demo/obj/kernel/service/src/syslog.o
                0x0801b4f4                dump_module_buffer
 .text.toi      0x0801b512      0x110 ../../../../../out/mt7686_hdk/audio_i2s_demo/obj/kernel/service/src/toi.o
                0x0801b512                toi
 *fill*         0x0801b622        0x2 
 .text._uart_dma_blocking_is_safe
                0x0801b624       0x2c ../../../../../out/mt7686_hdk/audio_i2s_demo/obj/driver/board/mt7686_hdk/util/src/io_def.o
 .text._uart_event
                0x0801b650       0x44 ../../../../../out/mt7686_hdk/audio_i2s_demo/obj/driver/board/mt7686_hdk/util/src/io_def.o
 .text.bsp_io_def_uart_putchar
                0x0801b694       0x98 ../../../../../out/mt7686_hdk/audio_i2s_demo/obj/driver/board/mt7686_hdk/util/src/io_def.o
                0x0801b694                bsp_io_def_uart_putchar
 .text.__io_putchar
                0x0801b72c        0x4 ../../../../../out/mt7686_hdk/audio_i2s_demo/obj/driver/board/mt7686_hdk/util/src/io_def.o
                0x0801b72c                __io_putchar
 .text.bsp_io_def_uart_getchar
                0x0801b730       0x38 ../../../../../out/mt7686_hdk/audio_i2s_demo/obj/driver/board/mt7686_hdk/util/src/io_def.o
                0x0801b730                bsp_io_def_uart_getchar
 .text.__io_getchar
                0x0801b768        0x4 ../../../../../out/mt7686_hdk/audio_i2s_demo/obj/driver/board/mt7686_hdk/util/src/io_def.o
                0x0801b768                __io_getchar
 .text.log_write
                0x0801b76c       0xac ../../../../../out/mt7686_hdk/audio_i2s_demo/obj/driver/board/mt7686_hdk/util/src/io_def.o
                0x0801b76c                log_write
 .text.bsp_io_def_uart_init
                0x0801b818       0x68 ../../../../../out/mt7686_hdk/audio_i2s_demo/obj/driver/board/mt7686_hdk/util/src/io_def.o
                0x0801b818                bsp_io_def_uart_init
 .text.cli_puts
                0x0801b880       0x1c ../../../../../out/mt7686_hdk/audio_i2s_demo/obj/middleware/MTK/minicli/src/minicli_api.o
                0x0801b880                cli_puts
 .text.cli_init
                0x0801b89c        0xc ../../../../../out/mt7686_hdk/audio_i2s_demo/obj/middleware/MTK/minicli/src/minicli_api.o
                0x0801b89c                cli_init
 .text.cli_task
                0x0801b8a8       0xbc ../../../../../out/mt7686_hdk/audio_i2s_demo/obj/middleware/MTK/minicli/src/minicli_api.o
                0x0801b8a8                cli_task
 .text.cmd_line_playsong
                0x0801b964       0x40 ../../../../../out/mt7686_hdk/audio_i2s_demo/obj/project/mt7686_hdk/apps/audio_i2s_demo/src/main.o
                0x0801b964                cmd_line_playsong
 .text.cmd_line_playtone
                0x0801b9a4       0x66 ../../../../../out/mt7686_hdk/audio_i2s_demo/obj/project/mt7686_hdk/apps/audio_i2s_demo/src/main.o
                0x0801b9a4                cmd_line_playtone
 *fill*         0x0801ba0a        0x2 
 .text.cmd_line_recordtone
                0x0801ba0c       0x28 ../../../../../out/mt7686_hdk/audio_i2s_demo/obj/project/mt7686_hdk/apps/audio_i2s_demo/src/main.o
                0x0801ba0c                cmd_line_recordtone
 .text._example_cli_command_echo
                0x0801ba34       0x2c ../../../../../out/mt7686_hdk/audio_i2s_demo/obj/project/mt7686_hdk/apps/audio_i2s_demo/src/main.o
 .text._example_cli_command_hello
                0x0801ba60       0x10 ../../../../../out/mt7686_hdk/audio_i2s_demo/obj/project/mt7686_hdk/apps/audio_i2s_demo/src/main.o
 .text._record_task
                0x0801ba70       0x70 ../../../../../out/mt7686_hdk/audio_i2s_demo/obj/project/mt7686_hdk/apps/audio_i2s_demo/src/main.o
 .text._example_cli_task
                0x0801bae0       0x58 ../../../../../out/mt7686_hdk/audio_i2s_demo/obj/project/mt7686_hdk/apps/audio_i2s_demo/src/main.o
 .text._example_cli_command_int
                0x0801bb38       0x80 ../../../../../out/mt7686_hdk/audio_i2s_demo/obj/project/mt7686_hdk/apps/audio_i2s_demo/src/main.o
 .text.startup.main
                0x0801bbb8       0x5c ../../../../../out/mt7686_hdk/audio_i2s_demo/obj/project/mt7686_hdk/apps/audio_i2s_demo/src/main.o
                0x0801bbb8                main
 .text.i2s_configure
                0x0801bc14       0xf4 ../../../../../out/mt7686_hdk/audio_i2s_demo/obj/project/mt7686_hdk/apps/audio_i2s_demo/src/mt768xaudio.o
 .text.OAL_SemCreate
                0x0801bd08        0x8 ../../../../../out/mt7686_hdk/audio_i2s_demo/obj/project/mt7686_hdk/apps/audio_i2s_demo/src/mt768xaudio.o
                0x0801bd08                OAL_SemCreate
 .text.OAL_SemDestroy
                0x0801bd10       0x18 ../../../../../out/mt7686_hdk/audio_i2s_demo/obj/project/mt7686_hdk/apps/audio_i2s_demo/src/mt768xaudio.o
                0x0801bd10                OAL_SemDestroy
 .text.OAL_SemWait
                0x0801bd28       0x54 ../../../../../out/mt7686_hdk/audio_i2s_demo/obj/project/mt7686_hdk/apps/audio_i2s_demo/src/mt768xaudio.o
                0x0801bd28                OAL_SemWait
 .text.OAL_SemPost
                0x0801bd7c       0x40 ../../../../../out/mt7686_hdk/audio_i2s_demo/obj/project/mt7686_hdk/apps/audio_i2s_demo/src/mt768xaudio.o
                0x0801bd7c                OAL_SemPost
 .text.i2s_tx_isr_callback
                0x0801bdbc       0x1e ../../../../../out/mt7686_hdk/audio_i2s_demo/obj/project/mt7686_hdk/apps/audio_i2s_demo/src/mt768xaudio.o
 .text.i2s_rx_callback
                0x0801bdda       0x1e ../../../../../out/mt7686_hdk/audio_i2s_demo/obj/project/mt7686_hdk/apps/audio_i2s_demo/src/mt768xaudio.o
 .text.OAL_calloc
                0x0801bdf8       0x30 ../../../../../out/mt7686_hdk/audio_i2s_demo/obj/project/mt7686_hdk/apps/audio_i2s_demo/src/mt768xaudio.o
                0x0801bdf8                OAL_calloc
 .text.OAL_OpenAudio
                0x0801be28      0x174 ../../../../../out/mt7686_hdk/audio_i2s_demo/obj/project/mt7686_hdk/apps/audio_i2s_demo/src/mt768xaudio.o
                0x0801be28                OAL_OpenAudio
 .text.OAL_CloseAudio
                0x0801bf9c       0x62 ../../../../../out/mt7686_hdk/audio_i2s_demo/obj/project/mt7686_hdk/apps/audio_i2s_demo/src/mt768xaudio.o
                0x0801bf9c                OAL_CloseAudio
 .text.OAL_OutputPCM
                0x0801bffe       0x82 ../../../../../out/mt7686_hdk/audio_i2s_demo/obj/project/mt7686_hdk/apps/audio_i2s_demo/src/mt768xaudio.o
                0x0801bffe                OAL_OutputPCM
 .text.OAL_InputPCM
                0x0801c080       0x88 ../../../../../out/mt7686_hdk/audio_i2s_demo/obj/project/mt7686_hdk/apps/audio_i2s_demo/src/mt768xaudio.o
                0x0801c080                OAL_InputPCM
 .text.OAL_InitAudio
                0x0801c108       0x3c ../../../../../out/mt7686_hdk/audio_i2s_demo/obj/project/mt7686_hdk/apps/audio_i2s_demo/src/mt768xaudio.o
                0x0801c108                OAL_InitAudio
 .text.aucodec_volume_reg
                0x0801c144       0x5a ../../../../../out/mt7686_hdk/audio_i2s_demo/obj/project/mt7686_hdk/apps/audio_i2s_demo/src/es8374.o
                0x0801c144                aucodec_volume_reg
 *fill*         0x0801c19e        0x2 
 .text.aucodec_i2c_write
                0x0801c1a0       0x44 ../../../../../out/mt7686_hdk/audio_i2s_demo/obj/project/mt7686_hdk/apps/audio_i2s_demo/src/es8374.o
                0x0801c1a0                aucodec_i2c_write
 .text.aucodec_i2c_init
                0x0801c1e4       0x44 ../../../../../out/mt7686_hdk/audio_i2s_demo/obj/project/mt7686_hdk/apps/audio_i2s_demo/src/es8374.o
                0x0801c1e4                aucodec_i2c_init
 .text.aucodec_init
                0x0801c228      0x1b8 ../../../../../out/mt7686_hdk/audio_i2s_demo/obj/project/mt7686_hdk/apps/audio_i2s_demo/src/es8374.o
                0x0801c228                aucodec_init
 .text.mt768x_audio_i2c_set_parameters
                0x0801c3e0        0x4 ../../../../../out/mt7686_hdk/audio_i2s_demo/obj/project/mt7686_hdk/apps/audio_i2s_demo/src/es8374.o
                0x0801c3e0                mt768x_audio_i2c_set_parameters
 .text.mt768x_audio_i2c_set_output
                0x0801c3e4        0x2 ../../../../../out/mt7686_hdk/audio_i2s_demo/obj/project/mt7686_hdk/apps/audio_i2s_demo/src/es8374.o
                0x0801c3e4                mt768x_audio_i2c_set_output
 *fill*         0x0801c3e6        0x2 
 .text.mt768x_audio_i2c_init
                0x0801c3e8       0x30 ../../../../../out/mt7686_hdk/audio_i2s_demo/obj/project/mt7686_hdk/apps/audio_i2s_demo/src/es8374.o
                0x0801c3e8                mt768x_audio_i2c_init
 .text.system_init
                0x0801c418       0xd8 ../../../../../out/mt7686_hdk/audio_i2s_demo/obj/project/mt7686_hdk/apps/audio_i2s_demo/src/sys_init.o
                0x0801c418                system_init
 .text._close   0x0801c4f0        0x6 ../../../../../out/mt7686_hdk/audio_i2s_demo/obj/project/mt7686_hdk/apps/audio_i2s_demo/GCC/syscalls.o
                0x0801c4f0                _close
 .text._fstat   0x0801c4f6        0xa ../../../../../out/mt7686_hdk/audio_i2s_demo/obj/project/mt7686_hdk/apps/audio_i2s_demo/GCC/syscalls.o
                0x0801c4f6                _fstat
 .text._isatty  0x0801c500        0x4 ../../../../../out/mt7686_hdk/audio_i2s_demo/obj/project/mt7686_hdk/apps/audio_i2s_demo/GCC/syscalls.o
                0x0801c500                _isatty
 .text._lseek   0x0801c504        0x4 ../../../../../out/mt7686_hdk/audio_i2s_demo/obj/project/mt7686_hdk/apps/audio_i2s_demo/GCC/syscalls.o
                0x0801c504                _lseek
 .text._read    0x0801c508       0x1a ../../../../../out/mt7686_hdk/audio_i2s_demo/obj/project/mt7686_hdk/apps/audio_i2s_demo/GCC/syscalls.o
                0x0801c508                _read
 .text._write   0x0801c522        0x8 ../../../../../out/mt7686_hdk/audio_i2s_demo/obj/project/mt7686_hdk/apps/audio_i2s_demo/GCC/syscalls.o
                0x0801c522                _write
 *fill*         0x0801c52a        0x2 
 .text.SysInitStatus_Set
                0x0801c52c        0xc ../../../../../out/mt7686_hdk/audio_i2s_demo/obj/project/mt7686_hdk/apps/audio_i2s_demo/src/system_mt7686.o
                0x0801c52c                SysInitStatus_Set
 .text.SystemCoreClockUpdate
                0x0801c538       0x10 ../../../../../out/mt7686_hdk/audio_i2s_demo/obj/project/mt7686_hdk/apps/audio_i2s_demo/src/system_mt7686.o
                0x0801c538                SystemCoreClockUpdate
 .text.SystemInit
                0x0801c548       0x24 ../../../../../out/mt7686_hdk/audio_i2s_demo/obj/project/mt7686_hdk/apps/audio_i2s_demo/src/system_mt7686.o
                0x0801c548                SystemInit
 .text.CachePreInit
                0x0801c56c       0x34 ../../../../../out/mt7686_hdk/audio_i2s_demo/obj/project/mt7686_hdk/apps/audio_i2s_demo/src/system_mt7686.o
                0x0801c56c                CachePreInit
 .text.Data_Init
                0x0801c5a0       0x12 ../../../../../out/mt7686_hdk/audio_i2s_demo/obj/project/mt7686_hdk/apps/audio_i2s_demo/GCC/startup_mt7686.o
 .text.Bss_Init
                0x0801c5b2       0x10 ../../../../../out/mt7686_hdk/audio_i2s_demo/obj/project/mt7686_hdk/apps/audio_i2s_demo/GCC/startup_mt7686.o
 .text.chip_hardware_code
                0x0801c5c2        0x8 ../../../../../prebuilt/driver/chip/mt7686/lib/libhal_protected_CM4_GCC.a(version_code.o)
                0x0801c5c2                chip_hardware_code
 *fill*         0x0801c5ca        0x2 
 .text.chip_eco_version
                0x0801c5cc       0x20 ../../../../../prebuilt/driver/chip/mt7686/lib/libhal_protected_CM4_GCC.a(version_code.o)
                0x0801c5cc                chip_eco_version
 .text._do_terminate
                0x0801c5ec        0x4 ../../../../../prebuilt/middleware/MTK/minicli/lib/libminicli.a(cli_line.o)
 .text._do_end_line
                0x0801c5f0       0x36 ../../../../../prebuilt/middleware/MTK/minicli/lib/libminicli.a(cli_line.o)
 .text._move_cursor.isra.0
                0x0801c626       0x1a ../../../../../prebuilt/middleware/MTK/minicli/lib/libminicli.a(cli_line.o)
 .text._do_insert_character
                0x0801c640       0x9c ../../../../../prebuilt/middleware/MTK/minicli/lib/libminicli.a(cli_line.o)
 .text._do_delete
                0x0801c6dc       0x72 ../../../../../prebuilt/middleware/MTK/minicli/lib/libminicli.a(cli_line.o)
 .text._do_backspace
                0x0801c74e       0x7e ../../../../../prebuilt/middleware/MTK/minicli/lib/libminicli.a(cli_line.o)
 .text._do_move_cursor
                0x0801c7cc      0x2fc ../../../../../prebuilt/middleware/MTK/minicli/lib/libminicli.a(cli_line.o)
 .text._cli_getline
                0x0801cac8       0xc0 ../../../../../prebuilt/middleware/MTK/minicli/lib/libminicli.a(cli_line.o)
                0x0801cac8                _cli_getline
 .text._cli_do_show_help.isra.3
                0x0801cb88       0x66 ../../../../../prebuilt/middleware/MTK/minicli/lib/libminicli.a(cli_cmd.o)
 *fill*         0x0801cbee        0x2 
 .text._cli_do_tok
                0x0801cbf0      0x19c ../../../../../prebuilt/middleware/MTK/minicli/lib/libminicli.a(cli_cmd.o)
                0x0801cbf0                _cli_do_tok
 .text._cli_do_cmd
                0x0801cd8c       0x18 ../../../../../prebuilt/middleware/MTK/minicli/lib/libminicli.a(cli_cmd.o)
                0x0801cd8c                _cli_do_cmd
 .text._cli_line_tok_quote.isra.1
                0x0801cda4       0x30 ../../../../../prebuilt/middleware/MTK/minicli/lib/libminicli.a(cli_tok.o)
 .text._cli_line_to_tokens
                0x0801cdd4      0x136 ../../../../../prebuilt/middleware/MTK/minicli/lib/libminicli.a(cli_tok.o)
                0x0801cdd4                _cli_line_to_tokens
 *fill*         0x0801cf0a        0x2 
 .text.__assert_func
                0x0801cf0c       0x38 /home/bruce/SDK_4.7.0/tools/gcc/linux/gcc-arm-none-eabi/bin/../lib/gcc/arm-none-eabi/4.8.4/../../../../arm-none-eabi/lib/armv7e-m/fpu/libc_s.a(lib_a-assert.o)
                0x0801cf0c                __assert_func
 .text.fprintf  0x0801cf44       0x24 /home/bruce/SDK_4.7.0/tools/gcc/linux/gcc-arm-none-eabi/bin/../lib/gcc/arm-none-eabi/4.8.4/../../../../arm-none-eabi/lib/armv7e-m/fpu/libc_s.a(lib_a-fprintf.o)
                0x0801cf44                fprintf
                0x0801cf44                fiprintf
 .text.memcmp   0x0801cf68       0x1e /home/bruce/SDK_4.7.0/tools/gcc/linux/gcc-arm-none-eabi/bin/../lib/gcc/arm-none-eabi/4.8.4/../../../../arm-none-eabi/lib/armv7e-m/fpu/libc_s.a(lib_a-memcmp.o)
                0x0801cf68                memcmp
 .text.memcpy   0x0801cf86       0x12 /home/bruce/SDK_4.7.0/tools/gcc/linux/gcc-arm-none-eabi/bin/../lib/gcc/arm-none-eabi/4.8.4/../../../../arm-none-eabi/lib/armv7e-m/fpu/libc_s.a(lib_a-memcpy-stub.o)
                0x0801cf86                memcpy
 .text.memset   0x0801cf98       0x10 /home/bruce/SDK_4.7.0/tools/gcc/linux/gcc-arm-none-eabi/bin/../lib/gcc/arm-none-eabi/4.8.4/../../../../arm-none-eabi/lib/armv7e-m/fpu/libc_s.a(lib_a-memset.o)
                0x0801cf98                memset
 .text.printf   0x0801cfa8       0x30 /home/bruce/SDK_4.7.0/tools/gcc/linux/gcc-arm-none-eabi/bin/../lib/gcc/arm-none-eabi/4.8.4/../../../../arm-none-eabi/lib/armv7e-m/fpu/libc_s.a(lib_a-printf.o)
                0x0801cfa8                printf
                0x0801cfa8                iprintf
 .text.sprintf  0x0801cfd8       0x48 /home/bruce/SDK_4.7.0/tools/gcc/linux/gcc-arm-none-eabi/bin/../lib/gcc/arm-none-eabi/4.8.4/../../../../arm-none-eabi/lib/armv7e-m/fpu/libc_s.a(lib_a-sprintf.o)
                0x0801cfd8                sprintf
                0x0801cfd8                siprintf
 .text.strlen   0x0801d020       0x10 /home/bruce/SDK_4.7.0/tools/gcc/linux/gcc-arm-none-eabi/bin/../lib/gcc/arm-none-eabi/4.8.4/../../../../arm-none-eabi/lib/armv7e-m/fpu/libc_s.a(lib_a-strlen.o)
                0x0801d020                strlen
 .text._strtol_r
                0x0801d030      0x104 /home/bruce/SDK_4.7.0/tools/gcc/linux/gcc-arm-none-eabi/bin/../lib/gcc/arm-none-eabi/4.8.4/../../../../arm-none-eabi/lib/armv7e-m/fpu/libc_s.a(lib_a-strtol.o)
                0x0801d030                _strtol_r
 .text.__ssputs_r
                0x0801d134       0xb8 /home/bruce/SDK_4.7.0/tools/gcc/linux/gcc-arm-none-eabi/bin/../lib/gcc/arm-none-eabi/4.8.4/../../../../arm-none-eabi/lib/armv7e-m/fpu/libc_s.a(lib_a-svfprintf.o)
                0x0801d134                __ssputs_r
 .text._svfprintf_r
                0x0801d1ec      0x1dc /home/bruce/SDK_4.7.0/tools/gcc/linux/gcc-arm-none-eabi/bin/../lib/gcc/arm-none-eabi/4.8.4/../../../../arm-none-eabi/lib/armv7e-m/fpu/libc_s.a(lib_a-svfprintf.o)
                0x0801d1ec                _svfprintf_r
                0x0801d1ec                _svfiprintf_r
 .text.__sfputc_r
                0x0801d3c8       0x2c /home/bruce/SDK_4.7.0/tools/gcc/linux/gcc-arm-none-eabi/bin/../lib/gcc/arm-none-eabi/4.8.4/../../../../arm-none-eabi/lib/armv7e-m/fpu/libc_s.a(lib_a-vfprintf.o)
 .text.__sfputs_r
                0x0801d3f4       0x24 /home/bruce/SDK_4.7.0/tools/gcc/linux/gcc-arm-none-eabi/bin/../lib/gcc/arm-none-eabi/4.8.4/../../../../arm-none-eabi/lib/armv7e-m/fpu/libc_s.a(lib_a-vfprintf.o)
                0x0801d3f4                __sfputs_r
 .text._vfprintf_r
                0x0801d418      0x208 /home/bruce/SDK_4.7.0/tools/gcc/linux/gcc-arm-none-eabi/bin/../lib/gcc/arm-none-eabi/4.8.4/../../../../arm-none-eabi/lib/armv7e-m/fpu/libc_s.a(lib_a-vfprintf.o)
                0x0801d418                _vfiprintf_r
                0x0801d418                _vfprintf_r
 .text.__cvt    0x0801d620       0xc0 /home/bruce/SDK_4.7.0/tools/gcc/linux/gcc-arm-none-eabi/bin/../lib/gcc/arm-none-eabi/4.8.4/../../../../arm-none-eabi/lib/armv7e-m/fpu/libc_s.a(lib_a-vfprintf_float.o)
                0x0801d620                __cvt
 .text.__exponent
                0x0801d6e0       0x66 /home/bruce/SDK_4.7.0/tools/gcc/linux/gcc-arm-none-eabi/bin/../lib/gcc/arm-none-eabi/4.8.4/../../../../arm-none-eabi/lib/armv7e-m/fpu/libc_s.a(lib_a-vfprintf_float.o)
                0x0801d6e0                __exponent
 *fill*         0x0801d746        0x2 
 .text._printf_float
                0x0801d748      0x420 /home/bruce/SDK_4.7.0/tools/gcc/linux/gcc-arm-none-eabi/bin/../lib/gcc/arm-none-eabi/4.8.4/../../../../arm-none-eabi/lib/armv7e-m/fpu/libc_s.a(lib_a-vfprintf_float.o)
                0x0801d748                _printf_float
 .text._printf_common
                0x0801db68       0xe4 /home/bruce/SDK_4.7.0/tools/gcc/linux/gcc-arm-none-eabi/bin/../lib/gcc/arm-none-eabi/4.8.4/../../../../arm-none-eabi/lib/armv7e-m/fpu/libc_s.a(lib_a-vfprintf_i.o)
                0x0801db68                _printf_common
 .text._printf_i
                0x0801dc4c      0x228 /home/bruce/SDK_4.7.0/tools/gcc/linux/gcc-arm-none-eabi/bin/../lib/gcc/arm-none-eabi/4.8.4/../../../../arm-none-eabi/lib/armv7e-m/fpu/libc_s.a(lib_a-vfprintf_i.o)
                0x0801dc4c                _printf_i
 .text._scanf_float
                0x0801de74      0x3e0 /home/bruce/SDK_4.7.0/tools/gcc/linux/gcc-arm-none-eabi/bin/../lib/gcc/arm-none-eabi/4.8.4/../../../../arm-none-eabi/lib/armv7e-m/fpu/libc_s.a(lib_a-vfscanf_float.o)
                0x0801de74                _scanf_float
 .text.vprintf  0x0801e254       0x2c /home/bruce/SDK_4.7.0/tools/gcc/linux/gcc-arm-none-eabi/bin/../lib/gcc/arm-none-eabi/4.8.4/../../../../arm-none-eabi/lib/armv7e-m/fpu/libc_s.a(lib_a-vprintf.o)
                0x0801e254                vprintf
                0x0801e254                viprintf
 .text._vsnprintf_r
                0x0801e280       0x52 /home/bruce/SDK_4.7.0/tools/gcc/linux/gcc-arm-none-eabi/bin/../lib/gcc/arm-none-eabi/4.8.4/../../../../arm-none-eabi/lib/armv7e-m/fpu/libc_s.a(lib_a-vsnprintf.o)
                0x0801e280                _vsnprintf_r
                0x0801e280                _vsniprintf_r
 *fill*         0x0801e2d2        0x2 
 .text.vsnprintf
                0x0801e2d4       0x20 /home/bruce/SDK_4.7.0/tools/gcc/linux/gcc-arm-none-eabi/bin/../lib/gcc/arm-none-eabi/4.8.4/../../../../arm-none-eabi/lib/armv7e-m/fpu/libc_s.a(lib_a-vsnprintf.o)
                0x0801e2d4                vsnprintf
                0x0801e2d4                vsniprintf
 .text.__swbuf_r
                0x0801e2f4       0xa8 /home/bruce/SDK_4.7.0/tools/gcc/linux/gcc-arm-none-eabi/bin/../lib/gcc/arm-none-eabi/4.8.4/../../../../arm-none-eabi/lib/armv7e-m/fpu/libc_s.a(lib_a-wbuf.o)
                0x0801e2f4                __swbuf_r
 .text.__swsetup_r
                0x0801e39c       0xdc /home/bruce/SDK_4.7.0/tools/gcc/linux/gcc-arm-none-eabi/bin/../lib/gcc/arm-none-eabi/4.8.4/../../../../arm-none-eabi/lib/armv7e-m/fpu/libc_s.a(lib_a-wsetup.o)
                0x0801e39c                __swsetup_r
 .text.quorem   0x0801e478      0x11a /home/bruce/SDK_4.7.0/tools/gcc/linux/gcc-arm-none-eabi/bin/../lib/gcc/arm-none-eabi/4.8.4/../../../../arm-none-eabi/lib/armv7e-m/fpu/libc_s.a(lib_a-dtoa.o)
 *fill*         0x0801e592        0x6 
 .text._dtoa_r  0x0801e598      0xb70 /home/bruce/SDK_4.7.0/tools/gcc/linux/gcc-arm-none-eabi/bin/../lib/gcc/arm-none-eabi/4.8.4/../../../../arm-none-eabi/lib/armv7e-m/fpu/libc_s.a(lib_a-dtoa.o)